Archive member included to satisfy reference by file (symbol)

app/libapp.a(main.c.obj)      (--whole-archive)
zephyr/libzephyr.a(heap.c.obj)
                              (--whole-archive)
zephyr/libzephyr.a(cbprintf_packaged.c.obj)
                              (--whole-archive)
zephyr/libzephyr.a(printk.c.obj)
                              (--whole-archive)
zephyr/libzephyr.a(sem.c.obj)
                              (--whole-archive)
zephyr/libzephyr.a(thread_entry.c.obj)
                              (--whole-archive)
zephyr/libzephyr.a(cbprintf_complete.c.obj)
                              (--whole-archive)
zephyr/libzephyr.a(cbprintf.c.obj)
                              (--whole-archive)
zephyr/libzephyr.a(assert.c.obj)
                              (--whole-archive)
zephyr/libzephyr.a(dec.c.obj)
                              (--whole-archive)
zephyr/libzephyr.a(hex.c.obj)
                              (--whole-archive)
zephyr/libzephyr.a(rb.c.obj)  (--whole-archive)
zephyr/libzephyr.a(timeutil.c.obj)
                              (--whole-archive)
zephyr/libzephyr.a(bitarray.c.obj)
                              (--whole-archive)
zephyr/libzephyr.a(configs.c.obj)
                              (--whole-archive)
zephyr/libzephyr.a(tracing_none.c.obj)
                              (--whole-archive)
zephyr/arch/arch/posix/core/libarch__posix__core.a(cpuhalt.c.obj)
                              (--whole-archive)
zephyr/arch/arch/posix/core/libarch__posix__core.a(fatal.c.obj)
                              (--whole-archive)
zephyr/arch/arch/posix/core/libarch__posix__core.a(irq.c.obj)
                              (--whole-archive)
zephyr/arch/arch/posix/core/libarch__posix__core.a(swap.c.obj)
                              (--whole-archive)
zephyr/arch/arch/posix/core/libarch__posix__core.a(thread.c.obj)
                              (--whole-archive)
zephyr/arch/arch/posix/core/libarch__posix__core.a(posix_core.c.obj)
                              (--whole-archive)
zephyr/arch/arch/posix/core/libarch__posix__core.a(nsi_compat.c.obj)
                              (--whole-archive)
zephyr/arch/arch/posix/core/libarch__posix__core.a(nce.c.obj)
                              (--whole-archive)
zephyr/arch/arch/posix/core/libarch__posix__core.a(nsi_host_trampolines.c.obj)
                              (--whole-archive)
zephyr/soc/soc/posix/inf_clock/libsoc__posix__inf_clock.a(soc.c.obj)
                              (--whole-archive)
zephyr/soc/soc/posix/inf_clock/libsoc__posix__inf_clock.a(native_tasks.c.obj)
                              (--whole-archive)
zephyr/boards/posix/native_posix/libboards__posix__native_posix.a(hw_models_top.c.obj)
                              (--whole-archive)
zephyr/boards/posix/native_posix/libboards__posix__native_posix.a(timer_model.c.obj)
                              (--whole-archive)
zephyr/boards/posix/native_posix/libboards__posix__native_posix.a(native_rtc.c.obj)
                              (--whole-archive)
zephyr/boards/posix/native_posix/libboards__posix__native_posix.a(irq_handler.c.obj)
                              (--whole-archive)
zephyr/boards/posix/native_posix/libboards__posix__native_posix.a(irq_ctrl.c.obj)
                              (--whole-archive)
zephyr/boards/posix/native_posix/libboards__posix__native_posix.a(main.c.obj)
                              (--whole-archive)
zephyr/boards/posix/native_posix/libboards__posix__native_posix.a(tracing.c.obj)
                              (--whole-archive)
zephyr/boards/posix/native_posix/libboards__posix__native_posix.a(cmdline_common.c.obj)
                              (--whole-archive)
zephyr/boards/posix/native_posix/libboards__posix__native_posix.a(cmdline.c.obj)
                              (--whole-archive)
zephyr/boards/posix/native_posix/libboards__posix__native_posix.a(cpu_wait.c.obj)
                              (--whole-archive)
zephyr/boards/posix/native_posix/libboards__posix__native_posix.a(hw_counter.c.obj)
                              (--whole-archive)
zephyr/drivers/console/libdrivers__console.a(posix_arch_console.c.obj)
                              (--whole-archive)
zephyr/drivers/timer/libdrivers__timer.a(sys_clock_init.c.obj)
                              (--whole-archive)
zephyr/drivers/timer/libdrivers__timer.a(native_posix_timer.c.obj)
                              (--whole-archive)
zephyr/kernel/libkernel.a(fatal.c.obj)
                              zephyr/libzephyr.a(assert.c.obj) (z_fatal_error)
zephyr/kernel/libkernel.a(init.c.obj)
                              zephyr/arch/arch/posix/core/libarch__posix__core.a(swap.c.obj) (_kernel)
zephyr/kernel/libkernel.a(thread.c.obj)
                              zephyr/kernel/libkernel.a(init.c.obj) (z_setup_new_thread)
zephyr/kernel/libkernel.a(sched.c.obj)
                              zephyr/arch/arch/posix/core/libarch__posix__core.a(thread.c.obj) (z_reschedule_irqlock)
zephyr/kernel/libkernel.a(idle.c.obj)
[...]
Memory Configuration

Name             Origin             Length             Attributes
*default*        0x0000000000000000 0xffffffffffffffff

Linker script and memory map

                [!provide]                        PROVIDE (__executable_start = SEGMENT_START ("text-segment", 0x400000))
                0x0000000000400318                . = (SEGMENT_START ("text-segment", 0x400000) + SIZEOF_HEADERS)

.interp         0x0000000000400318       0x1c
 *(SORT_BY_ALIGNMENT(.interp))
 .interp        0x0000000000400318       0x1c /usr/lib/gcc/x86_64-linux-gnu/11/../../../x86_64-linux-gnu/Scrt1.o

.note.gnu.property
                0x0000000000400338       0x30
 .note.gnu.property
                0x0000000000400338       0x30 /usr/lib/gcc/x86_64-linux-gnu/11/../../../x86_64-linux-gnu/Scrt1.o

.note.ABI-tag   0x0000000000400368       0x20
 .note.ABI-tag  0x0000000000400368       0x20 /usr/lib/gcc/x86_64-linux-gnu/11/../../../x86_64-linux-gnu/Scrt1.o

.note.gnu.build-id
 *(SORT_BY_ALIGNMENT(.note.gnu.build-id))

.hash
 *(SORT_BY_ALIGNMENT(.hash))

.gnu.hash       0x0000000000400388       0x24
 *(SORT_BY_ALIGNMENT(.gnu.hash))
 .gnu.hash      0x0000000000400388       0x24 /usr/lib/gcc/x86_64-linux-gnu/11/../../../x86_64-linux-gnu/Scrt1.o

.dynsym         0x00000000004003b0      0x498
 *(SORT_BY_ALIGNMENT(.dynsym))
 .dynsym        0x00000000004003b0      0x498 /usr/lib/gcc/x86_64-linux-gnu/11/../../../x86_64-linux-gnu/Scrt1.o

.dynstr         0x0000000000400848      0x2d7
 *(SORT_BY_ALIGNMENT(.dynstr))
 .dynstr        0x0000000000400848      0x2d7 /usr/lib/gcc/x86_64-linux-gnu/11/../../../x86_64-linux-gnu/Scrt1.o

.gnu.version    0x0000000000400b20       0x62
 *(SORT_BY_ALIGNMENT(.gnu.version))
 .gnu.version   0x0000000000400b20       0x62 /usr/lib/gcc/x86_64-linux-gnu/11/../../../x86_64-linux-gnu/Scrt1.o

.gnu.version_d  0x0000000000400b88        0x0
 *(SORT_BY_ALIGNMENT(.gnu.version_d))
 .gnu.version_d
                0x0000000000400b88        0x0 /usr/lib/gcc/x86_64-linux-gnu/11/../../../x86_64-linux-gnu/Scrt1.o

.gnu.version_r  0x0000000000400b88       0x80
 *(SORT_BY_ALIGNMENT(.gnu.version_r))
 .gnu.version_r
                0x0000000000400b88       0x80 /usr/lib/gcc/x86_64-linux-gnu/11/../../../x86_64-linux-gnu/Scrt1.o

.rela.dyn       0x0000000000400c08       0xa8
 *(SORT_BY_ALIGNMENT(.rela.init))
 *(SORT_BY_ALIGNMENT(.rela.text) SORT_BY_ALIGNMENT(.rela.text.*) SORT_BY_ALIGNMENT(.rela.gnu.linkonce.t.*))
 *(SORT_BY_ALIGNMENT(.rela.fini))
 *(SORT_BY_ALIGNMENT(.rela.rodata) SORT_BY_ALIGNMENT(.rela.rodata.*) SORT_BY_ALIGNMENT(.rela.gnu.linkonce.r.*))
 *(SORT_BY_ALIGNMENT(.rela.data) SORT_BY_ALIGNMENT(.rela.data.*) SORT_BY_ALIGNMENT(.rela.gnu.linkonce.d.*))
 .rela.data.rel.ro
                0x0000000000400c08        0x0 /usr/lib/gcc/x86_64-linux-gnu/11/../../../x86_64-linux-gnu/Scrt1.o
 .rela.data.rel._char_out
                0x0000000000400c08        0x0 /usr/lib/gcc/x86_64-linux-gnu/11/../../../x86_64-linux-gnu/Scrt1.o
 .rela.data.rel.ro.native_pre_tasks.0
                0x0000000000400c08        0x0 /usr/lib/gcc/x86_64-linux-gnu/11/../../../x86_64-linux-gnu/Scrt1.o
 .rela.data.rel.ro.levels.0
                0x0000000000400c08        0x0 /usr/lib/gcc/x86_64-linux-gnu/11/../../../x86_64-linux-gnu/Scrt1.o
 *(SORT_BY_ALIGNMENT(.rela.tdata) SORT_BY_ALIGNMENT(.rela.tdata.*) SORT_BY_ALIGNMENT(.rela.gnu.linkonce.td.*))
 *(SORT_BY_ALIGNMENT(.rela.tbss) SORT_BY_ALIGNMENT(.rela.tbss.*) SORT_BY_ALIGNMENT(.rela.gnu.linkonce.tb.*))
 *(SORT_BY_ALIGNMENT(.rela.ctors))
 *(SORT_BY_ALIGNMENT(.rela.dtors))
 *(SORT_BY_ALIGNMENT(.rela.got))
 .rela.got      0x0000000000400c08       0xa8 /usr/lib/gcc/x86_64-linux-gnu/11/../../../x86_64-linux-gnu/Scrt1.o
 *(SORT_BY_ALIGNMENT(.rela.bss) SORT_BY_ALIGNMENT(.rela.bss.*) SORT_BY_ALIGNMENT(.rela.gnu.linkonce.b.*))
 .rela.bss      0x0000000000400cb0        0x0 /usr/lib/gcc/x86_64-linux-gnu/11/../../../x86_64-linux-gnu/Scrt1.o
 *(SORT_BY_ALIGNMENT(.rela.ldata) SORT_BY_ALIGNMENT(.rela.ldata.*) SORT_BY_ALIGNMENT(.rela.gnu.linkonce.l.*))
 *(SORT_BY_ALIGNMENT(.rela.lbss) SORT_BY_ALIGNMENT(.rela.lbss.*) SORT_BY_ALIGNMENT(.rela.gnu.linkonce.lb.*))
 *(SORT_BY_ALIGNMENT(.rela.lrodata) SORT_BY_ALIGNMENT(.rela.lrodata.*) SORT_BY_ALIGNMENT(.rela.gnu.linkonce.lr.*))
 *(SORT_BY_ALIGNMENT(.rela.ifunc))

.rela.plt       0x0000000000400cb0      0x3d8
 *(SORT_BY_ALIGNMENT(.rela.plt))
 .rela.plt      0x0000000000400cb0      0x3d8 /usr/lib/gcc/x86_64-linux-gnu/11/../../../x86_64-linux-gnu/Scrt1.o
                [!provide]                        PROVIDE (__rela_iplt_start = .)
 *(SORT_BY_ALIGNMENT(.rela.iplt))
 .rela.iplt     0x0000000000401088        0x0 /usr/lib/gcc/x86_64-linux-gnu/11/../../../x86_64-linux-gnu/Scrt1.o
                [!provide]                        PROVIDE (__rela_iplt_end = .)

.relr.dyn
 *(SORT_BY_ALIGNMENT(.relr.dyn))
                0x0000000000402000                . = ALIGN (CONSTANT (MAXPAGESIZE))

.init           0x0000000000402000       0x1b
 *(SORT_NONE(.init))
 .init          0x0000000000402000       0x16 /usr/lib/gcc/x86_64-linux-gnu/11/../../../x86_64-linux-gnu/crti.o
                0x0000000000402000                _init
 .init          0x0000000000402016        0x5 /usr/lib/gcc/x86_64-linux-gnu/11/../../../x86_64-linux-gnu/crtn.o

.plt            0x0000000000402020      0x2a0
 *(SORT_BY_ALIGNMENT(.plt))
 .plt           0x0000000000402020      0x2a0 /usr/lib/gcc/x86_64-linux-gnu/11/../../../x86_64-linux-gnu/Scrt1.o
 *(SORT_BY_ALIGNMENT(.iplt))
 .iplt          0x00000000004022c0        0x0 /usr/lib/gcc/x86_64-linux-gnu/11/../../../x86_64-linux-gnu/Scrt1.o

.plt.got        0x00000000004022c0       0x10
 *(SORT_BY_ALIGNMENT(.plt.got))
 .plt.got       0x00000000004022c0       0x10 /usr/lib/gcc/x86_64-linux-gnu/11/../../../x86_64-linux-gnu/Scrt1.o
                0x00000000004022c0                __cxa_finalize@@GLIBC_2.2.5

.plt.sec        0x00000000004022d0      0x290
 *(SORT_BY_ALIGNMENT(.plt.sec))
 .plt.sec       0x00000000004022d0      0x290 /usr/lib/gcc/x86_64-linux-gnu/11/../../../x86_64-linux-gnu/Scrt1.o
                0x00000000004022d0                __snprintf_chk@@GLIBC_2.3.4
                0x00000000004022e0                free@@GLIBC_2.2.5
                0x00000000004022f0                strcasecmp@@GLIBC_2.2.5
                0x0000000000402300                __vfprintf_chk@@GLIBC_2.3.4
                0x0000000000402310                pthread_cond_broadcast@@GLIBC_2.3.2
                0x0000000000402320                isatty@@GLIBC_2.2.5
                0x0000000000402330                sigaction@@GLIBC_2.2.5
                0x0000000000402340                strtod@@GLIBC_2.2.5
                0x0000000000402350                clock_gettime@@GLIBC_2.17
                0x0000000000402360                pthread_cond_wait@@GLIBC_2.3.2
                0x0000000000402370                strlen@@GLIBC_2.2.5
                0x0000000000402380                __stack_chk_fail@@GLIBC_2.4
                0x0000000000402390                snprintf@@GLIBC_2.2.5
                0x00000000004023a0                __pthread_unregister_cancel@@GLIBC_2.34
                0x00000000004023b0                nanosleep@@GLIBC_2.2.5
                0x00000000004023c0                strnlen@@GLIBC_2.2.5
                0x00000000004023d0                strtoull@@GLIBC_2.2.5
                0x00000000004023e0                calloc@@GLIBC_2.2.5
                0x00000000004023f0                strcmp@@GLIBC_2.2.5
                0x0000000000402400                strtoll@@GLIBC_2.2.5
                0x0000000000402410                sigemptyset@@GLIBC_2.2.5
                0x0000000000402420                strtol@@GLIBC_2.2.5
                0x0000000000402430                pthread_cond_init@@GLIBC_2.3.2
                0x0000000000402440                pthread_mutex_unlock@@GLIBC_2.2.5
                0x0000000000402450                pthread_exit@@GLIBC_2.2.5
                0x0000000000402460                pthread_detach@@GLIBC_2.34
                0x0000000000402470                realloc@@GLIBC_2.2.5
                0x0000000000402480                __pthread_unwind_next@@GLIBC_2.34
                0x0000000000402490                __printf_chk@@GLIBC_2.3.4
                0x00000000004024a0                setvbuf@@GLIBC_2.2.5
                0x00000000004024b0                pthread_create@@GLIBC_2.34
                0x00000000004024c0                pthread_self@@GLIBC_2.2.5
                0x00000000004024d0                strtoul@@GLIBC_2.2.5
                0x00000000004024e0                exit@@GLIBC_2.2.5
                0x00000000004024f0                __fprintf_chk@@GLIBC_2.3.4
                0x0000000000402500                __pthread_register_cancel@@GLIBC_2.34
                0x0000000000402510                __sigsetjmp@@GLIBC_2.2.5
                0x0000000000402520                sleep@@GLIBC_2.2.5
                0x0000000000402530                pthread_mutex_init@@GLIBC_2.2.5
                0x0000000000402540                pthread_mutex_lock@@GLIBC_2.2.5
                0x0000000000402550                __ctype_b_loc@@GLIBC_2.3

.text           0x0000000000402560     0x3f13
 *(SORT_BY_ALIGNMENT(.text.unlikely) SORT_BY_ALIGNMENT(.text.*_unlikely) SORT_BY_ALIGNMENT(.text.unlikely.*))
 *(SORT_BY_ALIGNMENT(.text.exit) SORT_BY_ALIGNMENT(.text.exit.*))
 *(SORT_BY_ALIGNMENT(.text.startup) SORT_BY_ALIGNMENT(.text.startup.*))
 *(SORT_BY_ALIGNMENT(.text.hot) SORT_BY_ALIGNMENT(.text.hot.*))
 *(SORT_BY_NAME(SORT_BY_ALIGNMENT(.text.sorted.*)))
 *(SORT_BY_ALIGNMENT(.text) SORT_BY_ALIGNMENT(.stub) SORT_BY_ALIGNMENT(.text.*) SORT_BY_ALIGNMENT(.gnu.linkonce.t.*))
 .text          0x0000000000402560       0x26 /usr/lib/gcc/x86_64-linux-gnu/11/../../../x86_64-linux-gnu/Scrt1.o
                0x0000000000402560                _start
 *fill*         0x0000000000402586        0xa 
 .text          0x0000000000402590       0xb9 /usr/lib/gcc/x86_64-linux-gnu/11/crtbeginS.o
 .text._OffsetAbsSyms
                0x0000000000402649        0x5 zephyr/CMakeFiles/offsets.dir/./arch/posix/core/offsets/offsets.c.obj
                0x0000000000402649                _OffsetAbsSyms
 .text._posix_zephyr_main
                0x000000000040264e       0x23 app/libapp.a(main.c.obj)
                0x000000000040264e                _posix_zephyr_main
 .text.arch_printk_char_out
                0x0000000000402671        0x7 zephyr/libzephyr.a(printk.c.obj)
                0x0000000000402671                arch_printk_char_out
 .text.char_out
                0x0000000000402678        0xd zephyr/libzephyr.a(printk.c.obj)
 .text.vprintk  0x0000000000402685       0x1b zephyr/libzephyr.a(printk.c.obj)
                0x0000000000402685                vprintk
 .text.printk   0x00000000004026a0       0xba zephyr/libzephyr.a(printk.c.obj)
                0x00000000004026a0                printk
 .text.__printk_hook_install
                0x000000000040275a        0xf zephyr/libzephyr.a(printk.c.obj)
                0x000000000040275a                __printk_hook_install
 .text.z_thread_entry
                0x0000000000402769       0x3d zephyr/libzephyr.a(thread_entry.c.obj)
                0x0000000000402769                z_thread_entry
 .text.outs     0x00000000004027a6       0x51 zephyr/libzephyr.a(cbprintf_complete.c.obj)
 .text.extract_decimal
                0x00000000004027f7       0x37 zephyr/libzephyr.a(cbprintf_complete.c.obj)
 .text.encode_uint
                0x000000000040282e       0xab zephyr/libzephyr.a(cbprintf_complete.c.obj)
 .text.z_cbvprintf_impl
                0x00000000004028d9      0xa1e zephyr/libzephyr.a(cbprintf_complete.c.obj)
                0x00000000004028d9                z_cbvprintf_impl
 .text.assert_print
                0x00000000004032f7       0xba zephyr/libzephyr.a(assert.c.obj)
                0x00000000004032f7                assert_print
 .text._ConfigAbsSyms
                0x00000000004033b1        0x5 zephyr/libzephyr.a(configs.c.obj)
                0x00000000004033b1                _ConfigAbsSyms
 .text.sys_trace_isr_enter
                0x00000000004033b6        0x5 zephyr/libzephyr.a(tracing_none.c.obj)
                0x00000000004033b6                sys_trace_isr_enter
 .text.sys_trace_isr_exit
                0x00000000004033bb        0x5 zephyr/libzephyr.a(tracing_none.c.obj)
                0x00000000004033bb                sys_trace_isr_exit
 .text.sys_trace_idle
                0x00000000004033c0        0x5 zephyr/libzephyr.a(tracing_none.c.obj)
                0x00000000004033c0                sys_trace_idle
 .text.arch_cpu_idle
                0x00000000004033c5       0x15 zephyr/arch/arch/posix/core/libarch__posix__core.a(cpuhalt.c.obj)
                0x00000000004033c5                arch_cpu_idle
 .text.arch_system_halt
                0x00000000004033da       0x2f zephyr/arch/arch/posix/core/libarch__posix__core.a(fatal.c.obj)
                0x00000000004033da                arch_system_halt
 .text.arch_irq_enable
                0x0000000000403409        0x9 zephyr/arch/arch/posix/core/libarch__posix__core.a(irq.c.obj)
                0x0000000000403409                arch_irq_enable
 .text.arch_swap
                0x0000000000403412       0x4a zephyr/arch/arch/posix/core/libarch__posix__core.a(swap.c.obj)
                0x0000000000403412                arch_swap
 .text.arch_switch_to_main_thread
                0x000000000040345c       0x1f zephyr/arch/arch/posix/core/libarch__posix__core.a(swap.c.obj)
                0x000000000040345c                arch_switch_to_main_thread
 .text.arch_new_thread
                0x000000000040347b       0x39 zephyr/arch/arch/posix/core/libarch__posix__core.a(thread.c.obj)
                0x000000000040347b                arch_new_thread
 .text.posix_arch_thread_entry
                0x00000000004034b4       0x21 zephyr/arch/arch/posix/core/libarch__posix__core.a(thread.c.obj)
                0x00000000004034b4                posix_arch_thread_entry
 .text.z_impl_k_thread_abort
                0x00000000004034d5       0x7f zephyr/arch/arch/posix/core/libarch__posix__core.a(thread.c.obj)
                0x00000000004034d5                z_impl_k_thread_abort
 .text.pc_safe_call
                0x0000000000403554       0x13 zephyr/arch/arch/posix/core/libarch__posix__core.a(posix_core.c.obj)
 .text.posix_preexit_cleanup
                0x0000000000403567       0x29 zephyr/arch/arch/posix/core/libarch__posix__core.a(posix_core.c.obj)
 .text.abort_tail
                0x0000000000403590       0x27 zephyr/arch/arch/posix/core/libarch__posix__core.a(posix_core.c.obj)
 .text.posix_wait_until_allowed
                0x00000000004035b7       0x62 zephyr/arch/arch/posix/core/libarch__posix__core.a(posix_core.c.obj)
 .text.posix_cleanup_handler
                0x0000000000403619       0x37 zephyr/arch/arch/posix/core/libarch__posix__core.a(posix_core.c.obj)
 .text.posix_thread_starter
                0x0000000000403650      0x118 zephyr/arch/arch/posix/core/libarch__posix__core.a(posix_core.c.obj)
 .text.posix_swap
                0x0000000000403768       0x47 zephyr/arch/arch/posix/core/libarch__posix__core.a(posix_core.c.obj)
                0x0000000000403768                posix_swap
 .text.posix_main_thread_start
                0x00000000004037af       0x31 zephyr/arch/arch/posix/core/libarch__posix__core.a(posix_core.c.obj)
                0x00000000004037af                posix_main_thread_start
 .text.posix_new_thread
                0x00000000004037e0       0xe1 zephyr/arch/arch/posix/core/libarch__posix__core.a(posix_core.c.obj)
                0x00000000004037e0                posix_new_thread
 .text.posix_arch_init
                0x00000000004038c1       0x65 zephyr/arch/arch/posix/core/libarch__posix__core.a(posix_core.c.obj)
                0x00000000004038c1                posix_arch_init
 .text.posix_arch_clean_up
                0x0000000000403926       0x2b zephyr/arch/arch/posix/core/libarch__posix__core.a(posix_core.c.obj)
                0x0000000000403926                posix_arch_clean_up
 .text.posix_abort_thread
                0x0000000000403951       0x26 zephyr/arch/arch/posix/core/libarch__posix__core.a(posix_core.c.obj)
                0x0000000000403951                posix_abort_thread
 .text.nsi_print_error_and_exit
                0x0000000000403977       0xba zephyr/arch/arch/posix/core/libarch__posix__core.a(nsi_compat.c.obj)
                0x0000000000403977                nsi_print_error_and_exit
 .text.nsi_exit
                0x0000000000403a31        0xc zephyr/arch/arch/posix/core/libarch__posix__core.a(nsi_compat.c.obj)
                0x0000000000403a31                nsi_exit
 .text.nsi_safe_call
                0x0000000000403a3d       0x13 zephyr/arch/arch/posix/core/libarch__posix__core.a(nce.c.obj)
 .text.sw_wrapper
                0x0000000000403a50       0x43 zephyr/arch/arch/posix/core/libarch__posix__core.a(nce.c.obj)
 .text.change_cpu_state_and_wait
                0x0000000000403a93       0x73 zephyr/arch/arch/posix/core/libarch__posix__core.a(nce.c.obj)
 .text.nce_init
                0x0000000000403b06       0x6b zephyr/arch/arch/posix/core/libarch__posix__core.a(nce.c.obj)
                0x0000000000403b06                nce_init
 .text.nce_terminate
                0x0000000000403b71       0x7c zephyr/arch/arch/posix/core/libarch__posix__core.a(nce.c.obj)
                0x0000000000403b71                nce_terminate
 .text.nce_boot_cpu
                0x0000000000403bed       0xba zephyr/arch/arch/posix/core/libarch__posix__core.a(nce.c.obj)
                0x0000000000403bed                nce_boot_cpu
 .text.nce_halt_cpu
                0x0000000000403ca7       0x31 zephyr/arch/arch/posix/core/libarch__posix__core.a(nce.c.obj)
                0x0000000000403ca7                nce_halt_cpu
 .text.nce_wake_cpu
                0x0000000000403cd8       0x3d zephyr/arch/arch/posix/core/libarch__posix__core.a(nce.c.obj)
                0x0000000000403cd8                nce_wake_cpu
 .text.nce_is_cpu_running
                0x0000000000403d15       0x15 zephyr/arch/arch/posix/core/libarch__posix__core.a(nce.c.obj)
                0x0000000000403d15                nce_is_cpu_running
 .text.posix_is_cpu_running
                0x0000000000403d2a       0x10 zephyr/soc/soc/posix/inf_clock/libsoc__posix__inf_clock.a(soc.c.obj)
                0x0000000000403d2a                posix_is_cpu_running
 .text.posix_interrupt_raised
                0x0000000000403d3a       0x10 zephyr/soc/soc/posix/inf_clock/libsoc__posix__inf_clock.a(soc.c.obj)
                0x0000000000403d3a                posix_interrupt_raised
 .text.posix_halt_cpu
                0x0000000000403d4a       0x17 zephyr/soc/soc/posix/inf_clock/libsoc__posix__inf_clock.a(soc.c.obj)
                0x0000000000403d4a                posix_halt_cpu
 .text.posix_boot_cpu
                0x0000000000403d61       0x2a zephyr/soc/soc/posix/inf_clock/libsoc__posix__inf_clock.a(soc.c.obj)
                0x0000000000403d61                posix_boot_cpu
 .text.posix_soc_clean_up
                0x0000000000403d8b       0x21 zephyr/soc/soc/posix/inf_clock/libsoc__posix__inf_clock.a(soc.c.obj)
                0x0000000000403d8b                posix_soc_clean_up
 .text.run_native_tasks
                0x0000000000403dac       0x37 zephyr/soc/soc/posix/inf_clock/libsoc__posix__inf_clock.a(native_tasks.c.obj)
                0x0000000000403dac                run_native_tasks
 .text.hwm_signal_end_handler
                0x0000000000403de3        0xf zephyr/boards/posix/native_posix/libboards__posix__native_posix.a(hw_models_top.c.obj)
                0x0000000000403de3                hwm_signal_end_handler
 .text.hwm_set_sig_handler
                0x0000000000403df2       0xca zephyr/boards/posix/native_posix/libboards__posix__native_posix.a(hw_models_top.c.obj)
                0x0000000000403df2                hwm_set_sig_handler
 .text.hwm_find_next_timer
                0x0000000000403ebc       0x64 zephyr/boards/posix/native_posix/libboards__posix__native_posix.a(hw_models_top.c.obj)
                0x0000000000403ebc                hwm_find_next_timer
 .text.hwm_one_event
                0x0000000000403f20       0xc8 zephyr/boards/posix/native_posix/libboards__posix__native_posix.a(hw_models_top.c.obj)
                0x0000000000403f20                hwm_one_event
 .text.hwm_set_end_of_time
                0x0000000000403fe8        0xc zephyr/boards/posix/native_posix/libboards__posix__native_posix.a(hw_models_top.c.obj)
                0x0000000000403fe8                hwm_set_end_of_time
 .text.hwm_get_time
                0x0000000000403ff4        0xc zephyr/boards/posix/native_posix/libboards__posix__native_posix.a(hw_models_top.c.obj)
                0x0000000000403ff4                hwm_get_time
 .text.hwm_init
                0x0000000000404000       0x1f zephyr/boards/posix/native_posix/libboards__posix__native_posix.a(hw_models_top.c.obj)
                0x0000000000404000                hwm_init
 .text.hwm_cleanup
                0x000000000040401f       0x10 zephyr/boards/posix/native_posix/libboards__posix__native_posix.a(hw_models_top.c.obj)
                0x000000000040401f                hwm_cleanup
 .text.hwtimer_update_timer
                0x000000000040402f       0x26 zephyr/boards/posix/native_posix/libboards__posix__native_posix.a(timer_model.c.obj)
 .text.native_add_time_options
                0x0000000000404055       0x10 zephyr/boards/posix/native_posix/libboards__posix__native_posix.a(timer_model.c.obj)
 .text.cmd_stop_at_found
                0x0000000000404065       0x5c zephyr/boards/posix/native_posix/libboards__posix__native_posix.a(timer_model.c.obj)
 .text.hwtimer_set_real_time_mode
                0x00000000004040c1        0xc zephyr/boards/posix/native_posix/libboards__posix__native_posix.a(timer_model.c.obj)
                0x00000000004040c1                hwtimer_set_real_time_mode
 .text.cmd_no_realtime_found
                0x00000000004040cd        0xb zephyr/boards/posix/native_posix/libboards__posix__native_posix.a(timer_model.c.obj)
 .text.cmd_realtime_found
                0x00000000004040d8        0xe zephyr/boards/posix/native_posix/libboards__posix__native_posix.a(timer_model.c.obj)
 .text.get_host_us_time
                0x00000000004040e6       0xaa zephyr/boards/posix/native_posix/libboards__posix__native_posix.a(timer_model.c.obj)
                0x00000000004040e6                get_host_us_time
 .text.hwtimer_init
                0x0000000000404190      0x103 zephyr/boards/posix/native_posix/libboards__posix__native_posix.a(timer_model.c.obj)
                0x0000000000404190                hwtimer_init
 .text.hwtimer_cleanup
                0x0000000000404293        0x5 zephyr/boards/posix/native_posix/libboards__posix__native_posix.a(timer_model.c.obj)
                0x0000000000404293                hwtimer_cleanup
 .text.hwtimer_enable
                0x0000000000404298       0x2d zephyr/boards/posix/native_posix/libboards__posix__native_posix.a(timer_model.c.obj)
                0x0000000000404298                hwtimer_enable
 .text.hwtimer_timer_reached
                0x00000000004042c5      0x198 zephyr/boards/posix/native_posix/libboards__posix__native_posix.a(timer_model.c.obj)
                0x00000000004042c5                hwtimer_timer_reached
 .text.hwtimer_set_silent_ticks
                0x000000000040445d        0xc zephyr/boards/posix/native_posix/libboards__posix__native_posix.a(timer_model.c.obj)
                0x000000000040445d                hwtimer_set_silent_ticks
 .text.hwtimer_reset_rtc
                0x0000000000404469        0xc zephyr/boards/posix/native_posix/libboards__posix__native_posix.a(timer_model.c.obj)
                0x0000000000404469                hwtimer_reset_rtc
 .text.cmd_rtcreset_found
                0x0000000000404475        0x9 zephyr/boards/posix/native_posix/libboards__posix__native_posix.a(timer_model.c.obj)
 .text.hwtimer_set_rtc_offset
                0x000000000040447e        0xc zephyr/boards/posix/native_posix/libboards__posix__native_posix.a(timer_model.c.obj)
                0x000000000040447e                hwtimer_set_rtc_offset
 .text.cmd_rtcoffset_found
                0x000000000040448a       0x1e zephyr/boards/posix/native_posix/libboards__posix__native_posix.a(timer_model.c.obj)
 .text.hwtimer_set_rt_ratio
                0x00000000004044a8        0xd zephyr/boards/posix/native_posix/libboards__posix__native_posix.a(timer_model.c.obj)
                0x00000000004044a8                hwtimer_set_rt_ratio
 .text.cmd_rt_ratio_found
                0x00000000004044b5       0x38 zephyr/boards/posix/native_posix/libboards__posix__native_posix.a(timer_model.c.obj)
 .text.cmd_rt_drift_found
                0x00000000004044ed       0x43 zephyr/boards/posix/native_posix/libboards__posix__native_posix.a(timer_model.c.obj)
 .text.posix_irq_handler
                0x0000000000404530      0x117 zephyr/boards/posix/native_posix/libboards__posix__native_posix.a(irq_handler.c.obj)
                0x0000000000404530                posix_irq_handler
 .text.posix_irq_handler_im_from_sw
                0x0000000000404647       0x32 zephyr/boards/posix/native_posix/libboards__posix__native_posix.a(irq_handler.c.obj)
                0x0000000000404647                posix_irq_handler_im_from_sw
 .text.posix_irq_lock
                0x0000000000404679        0xe zephyr/boards/posix/native_posix/libboards__posix__native_posix.a(irq_handler.c.obj)
                0x0000000000404679                posix_irq_lock
 .text.posix_irq_unlock
                0x0000000000404687        0x9 zephyr/boards/posix/native_posix/libboards__posix__native_posix.a(irq_handler.c.obj)
                0x0000000000404687                posix_irq_unlock
 .text.posix_irq_full_unlock
                0x0000000000404690        0xb zephyr/boards/posix/native_posix/libboards__posix__native_posix.a(irq_handler.c.obj)
                0x0000000000404690                posix_irq_full_unlock
 .text.posix_irq_enable
                0x000000000040469b        0x9 zephyr/boards/posix/native_posix/libboards__posix__native_posix.a(irq_handler.c.obj)
                0x000000000040469b                posix_irq_enable
 .text.posix_isr_declare
                0x00000000004046a4       0x3b zephyr/boards/posix/native_posix/libboards__posix__native_posix.a(irq_handler.c.obj)
                0x00000000004046a4                posix_isr_declare
 .text.posix_irq_priority_set
                0x00000000004046df        0x9 zephyr/boards/posix/native_posix/libboards__posix__native_posix.a(irq_handler.c.obj)
                0x00000000004046df                posix_irq_priority_set
 .text.irq_raising_from_hw_now
                0x00000000004046e8       0x1f zephyr/boards/posix/native_posix/libboards__posix__native_posix.a(irq_ctrl.c.obj)
 .text.hw_irq_ctrl_irq_raise_prefix
                0x0000000000404707       0x40 zephyr/boards/posix/native_posix/libboards__posix__native_posix.a(irq_ctrl.c.obj)
 .text.hw_irq_ctrl_init
                0x0000000000404747       0x3b zephyr/boards/posix/native_posix/libboards__posix__native_posix.a(irq_ctrl.c.obj)
                0x0000000000404747                hw_irq_ctrl_init
 .text.hw_irq_ctrl_cleanup
                0x0000000000404782        0x5 zephyr/boards/posix/native_posix/libboards__posix__native_posix.a(irq_ctrl.c.obj)
                0x0000000000404782                hw_irq_ctrl_cleanup
 .text.hw_irq_ctrl_set_cur_prio
                0x0000000000404787        0xb zephyr/boards/posix/native_posix/libboards__posix__native_posix.a(irq_ctrl.c.obj)
                0x0000000000404787                hw_irq_ctrl_set_cur_prio
 .text.hw_irq_ctrl_get_cur_prio
                0x0000000000404792        0xb zephyr/boards/posix/native_posix/libboards__posix__native_posix.a(irq_ctrl.c.obj)
                0x0000000000404792                hw_irq_ctrl_get_cur_prio
 .text.hw_irq_ctrl_prio_set
                0x000000000040479d       0x12 zephyr/boards/posix/native_posix/libboards__posix__native_posix.a(irq_ctrl.c.obj)
                0x000000000040479d                hw_irq_ctrl_prio_set
 .text.hw_irq_ctrl_get_prio
                0x00000000004047af       0x11 zephyr/boards/posix/native_posix/libboards__posix__native_posix.a(irq_ctrl.c.obj)
                0x00000000004047af                hw_irq_ctrl_get_prio
 .text.hw_irq_ctrl_get_current_lock
                0x00000000004047c0        0xc zephyr/boards/posix/native_posix/libboards__posix__native_posix.a(irq_ctrl.c.obj)
                0x00000000004047c0                hw_irq_ctrl_get_current_lock
 .text.hw_irq_ctrl_change_lock
                0x00000000004047cc       0x33 zephyr/boards/posix/native_posix/libboards__posix__native_posix.a(irq_ctrl.c.obj)
                0x00000000004047cc                hw_irq_ctrl_change_lock
 .text.hw_irq_ctrl_get_irq_status
                0x00000000004047ff        0xc zephyr/boards/posix/native_posix/libboards__posix__native_posix.a(irq_ctrl.c.obj)
                0x00000000004047ff                hw_irq_ctrl_get_irq_status
 .text.hw_irq_ctrl_get_highest_prio_irq
                0x000000000040480b       0x6b zephyr/boards/posix/native_posix/libboards__posix__native_posix.a(irq_ctrl.c.obj)
                0x000000000040480b                hw_irq_ctrl_get_highest_prio_irq
 .text.hw_irq_ctrl_clear_irq
                0x0000000000404876       0x1f zephyr/boards/posix/native_posix/libboards__posix__native_posix.a(irq_ctrl.c.obj)
                0x0000000000404876                hw_irq_ctrl_clear_irq
 .text.hw_irq_ctrl_set_irq
                0x0000000000404895       0x33 zephyr/boards/posix/native_posix/libboards__posix__native_posix.a(irq_ctrl.c.obj)
                0x0000000000404895                hw_irq_ctrl_set_irq
 .text.hw_irq_ctrl_raise_im_from_sw
                0x00000000004048c8       0x1b zephyr/boards/posix/native_posix/libboards__posix__native_posix.a(irq_ctrl.c.obj)
                0x00000000004048c8                hw_irq_ctrl_raise_im_from_sw
 .text.hw_irq_ctrl_enable_irq
                0x00000000004048e3       0x29 zephyr/boards/posix/native_posix/libboards__posix__native_posix.a(irq_ctrl.c.obj)
                0x00000000004048e3                hw_irq_ctrl_enable_irq
 .text.hw_irq_ctrl_timer_triggered
                0x000000000040490c       0x17 zephyr/boards/posix/native_posix/libboards__posix__native_posix.a(irq_ctrl.c.obj)
                0x000000000040490c                hw_irq_ctrl_timer_triggered
 .text.posix_exit
                0x0000000000404923       0x30 zephyr/boards/posix/native_posix/libboards__posix__native_posix.a(main.c.obj)
                0x0000000000404923                posix_exit
 .text.posix_init
                0x0000000000404953       0x80 zephyr/boards/posix/native_posix/libboards__posix__native_posix.a(main.c.obj)
                0x0000000000404953                posix_init
 .text.main     0x00000000004049d3       0x11 zephyr/boards/posix/native_posix/libboards__posix__native_posix.a(main.c.obj)
                0x00000000004049d3                main
 .text.trace_disable_color
                0x00000000004049e4       0x10 zephyr/boards/posix/native_posix/libboards__posix__native_posix.a(tracing.c.obj)
                0x00000000004049e4                trace_disable_color
 .text.trace_enable_color
                0x00000000004049f4       0x10 zephyr/boards/posix/native_posix/libboards__posix__native_posix.a(tracing.c.obj)
                0x00000000004049f4                trace_enable_color
 .text.trace_force_color
                0x0000000000404a04       0x16 zephyr/boards/posix/native_posix/libboards__posix__native_posix.a(tracing.c.obj)
                0x0000000000404a04                trace_force_color
 .text.decide_about_color
                0x0000000000404a1a       0x39 zephyr/boards/posix/native_posix/libboards__posix__native_posix.a(tracing.c.obj)
 .text.posix_vprint_error_and_exit
                0x0000000000404a53       0x29 zephyr/boards/posix/native_posix/libboards__posix__native_posix.a(tracing.c.obj)
                0x0000000000404a53                posix_vprint_error_and_exit
 .text.posix_print_error_and_exit
                0x0000000000404a7c       0xba zephyr/boards/posix/native_posix/libboards__posix__native_posix.a(tracing.c.obj)
                0x0000000000404a7c                posix_print_error_and_exit
 .text.posix_print_warning
                0x0000000000404b36       0xcf zephyr/boards/posix/native_posix/libboards__posix__native_posix.a(tracing.c.obj)
                0x0000000000404b36                posix_print_warning
 .text.posix_print_trace
                0x0000000000404c05       0xcf zephyr/boards/posix/native_posix/libboards__posix__native_posix.a(tracing.c.obj)
                0x0000000000404c05                posix_print_trace
 .text.native_add_tracing_options
                0x0000000000404cd4       0x10 zephyr/boards/posix/native_posix/libboards__posix__native_posix.a(tracing.c.obj)
                0x0000000000404cd4                native_add_tracing_options
 .text.cmd_gen_switch_syntax.constprop.0
                0x0000000000404ce4       0xe4 zephyr/boards/posix/native_posix/libboards__posix__native_posix.a(cmdline_common.c.obj)
 .text.cmd_is_option
                0x0000000000404dc8       0xb3 zephyr/boards/posix/native_posix/libboards__posix__native_posix.a(cmdline_common.c.obj)
                0x0000000000404dc8                cmd_is_option
 .text.cmd_is_help_option
                0x0000000000404e7b       0x6d zephyr/boards/posix/native_posix/libboards__posix__native_posix.a(cmdline_common.c.obj)
                0x0000000000404e7b                cmd_is_help_option
 .text.cmd_read_option_value
                0x0000000000404ee8      0x18a zephyr/boards/posix/native_posix/libboards__posix__native_posix.a(cmdline_common.c.obj)
                0x0000000000404ee8                cmd_read_option_value
 .text.cmd_args_set_defaults
                0x0000000000405072       0xb2 zephyr/boards/posix/native_posix/libboards__posix__native_posix.a(cmdline_common.c.obj)
                0x0000000000405072                cmd_args_set_defaults
 .text.cmd_print_switches_help
                0x0000000000405124       0xfa zephyr/boards/posix/native_posix/libboards__posix__native_posix.a(cmdline_common.c.obj)
                0x0000000000405124                cmd_print_switches_help
 .text.cmd_print_long_help
                0x000000000040521e      0x188 zephyr/boards/posix/native_posix/libboards__posix__native_posix.a(cmdline_common.c.obj)
                0x000000000040521e                cmd_print_long_help
 .text.cmd_parse_one_arg
                0x00000000004053a6       0xac zephyr/boards/posix/native_posix/libboards__posix__native_posix.a(cmdline_common.c.obj)
                0x00000000004053a6                cmd_parse_one_arg
 .text.native_cleanup_cmd_line
                0x0000000000405452       0x24 zephyr/boards/posix/native_posix/libboards__posix__native_posix.a(cmdline.c.obj)
                0x0000000000405452                native_cleanup_cmd_line
 .text.native_add_command_line_opts
                0x0000000000405476       0xab zephyr/boards/posix/native_posix/libboards__posix__native_posix.a(cmdline.c.obj)
                0x0000000000405476                native_add_command_line_opts
 .text.native_add_testargs_option
                0x0000000000405521       0x10 zephyr/boards/posix/native_posix/libboards__posix__native_posix.a(cmdline.c.obj)
                0x0000000000405521                native_add_testargs_option
 .text.native_handle_cmd_line
                0x0000000000405531       0xbb zephyr/boards/posix/native_posix/libboards__posix__native_posix.a(cmdline.c.obj)
                0x0000000000405531                native_handle_cmd_line
 .text.hw_counter_init
                0x00000000004055ec       0x46 zephyr/boards/posix/native_posix/libboards__posix__native_posix.a(hw_counter.c.obj)
                0x00000000004055ec                hw_counter_init
 .text.hw_counter_triggered
                0x0000000000405632       0x5d zephyr/boards/posix/native_posix/libboards__posix__native_posix.a(hw_counter.c.obj)
                0x0000000000405632                hw_counter_triggered
 .text.posix_arch_console_init
                0x000000000040568f       0x15 zephyr/drivers/console/libdrivers__console.a(posix_arch_console.c.obj)
 .text.print_char
                0x00000000004056a4       0x64 zephyr/drivers/console/libdrivers__console.a(posix_arch_console.c.obj)
 .text.np_timer_isr
                0x0000000000405708       0x38 zephyr/drivers/timer/libdrivers__timer.a(native_posix_timer.c.obj)
 .text.sys_clock_driver_init
                0x0000000000405740       0x53 zephyr/drivers/timer/libdrivers__timer.a(native_posix_timer.c.obj)
 .text.sys_clock_set_timeout
                0x0000000000405793       0x27 zephyr/drivers/timer/libdrivers__timer.a(native_posix_timer.c.obj)
                0x0000000000405793                sys_clock_set_timeout
 .text.sys_clock_elapsed
                0x00000000004057ba       0x1c zephyr/drivers/timer/libdrivers__timer.a(native_posix_timer.c.obj)
                0x00000000004057ba                sys_clock_elapsed
 .text.coredump
                0x00000000004057d6        0x5 zephyr/kernel/libkernel.a(fatal.c.obj)
                0x00000000004057d6                coredump
 .text.k_sys_fatal_error_handler
                0x00000000004057db        0xa zephyr/kernel/libkernel.a(fatal.c.obj)
                0x00000000004057db                k_sys_fatal_error_handler
 .text.z_fatal_error
                0x00000000004057e5       0x53 zephyr/kernel/libkernel.a(fatal.c.obj)
                0x00000000004057e5                z_fatal_error
 .text.z_sys_init_run_level
                0x0000000000405838       0x6a zephyr/kernel/libkernel.a(init.c.obj)
 .text.bg_thread_main
                0x00000000004058a2       0x3f zephyr/kernel/libkernel.a(init.c.obj)
 .text.z_init_cpu
                0x00000000004058e1       0x8f zephyr/kernel/libkernel.a(init.c.obj)
                0x00000000004058e1                z_init_cpu
 .text.z_cstart
                0x0000000000405970       0xd9 zephyr/kernel/libkernel.a(init.c.obj)
                0x0000000000405970                z_cstart
 .text.z_impl_k_thread_start
                0x0000000000405a49        0x9 zephyr/kernel/libkernel.a(thread.c.obj)
                0x0000000000405a49                z_impl_k_thread_start
 .text.z_init_thread_base
                0x0000000000405a52       0x2b zephyr/kernel/libkernel.a(thread.c.obj)
                0x0000000000405a52                z_init_thread_base
 .text.z_setup_new_thread
                0x0000000000405a7d       0x9c zephyr/kernel/libkernel.a(thread.c.obj)
                0x0000000000405a7d                z_setup_new_thread
 .text.z_init_static_threads
                0x0000000000405b19       0x9a zephyr/kernel/libkernel.a(thread.c.obj)
                0x0000000000405b19                z_init_static_threads
 .text.sliceable
                0x0000000000405bb3       0x3a zephyr/kernel/libkernel.a(sched.c.obj)
 .text.slice_timeout
                0x0000000000405bed       0x21 zephyr/kernel/libkernel.a(sched.c.obj)
 .text.z_sched_prio_cmp
                0x0000000000405c0e       0x17 zephyr/kernel/libkernel.a(sched.c.obj)
                0x0000000000405c0e                z_sched_prio_cmp
 .text.z_reset_time_slice
                0x0000000000405c25       0x6a zephyr/kernel/libkernel.a(sched.c.obj)
                0x0000000000405c25                z_reset_time_slice
 .text.z_reschedule
                0x0000000000405c8f       0x29 zephyr/kernel/libkernel.a(sched.c.obj)
                0x0000000000405c8f                z_reschedule
 .text.z_reschedule_irqlock
                0x0000000000405cb8       0x27 zephyr/kernel/libkernel.a(sched.c.obj)
                0x0000000000405cb8                z_reschedule_irqlock
 .text.z_reschedule_unlocked
                0x0000000000405cdf        0xe zephyr/kernel/libkernel.a(sched.c.obj)
 .text.k_sched_lock
                0x0000000000405ced       0x20 zephyr/kernel/libkernel.a(sched.c.obj)
                0x0000000000405ced                k_sched_lock
 .text.z_priq_dumb_remove
                0x0000000000405d0d       0x22 zephyr/kernel/libkernel.a(sched.c.obj)
                0x0000000000405d0d                z_priq_dumb_remove
 .text.unpend_thread_no_timeout
                0x0000000000405d2f       0x1e zephyr/kernel/libkernel.a(sched.c.obj)
 .text.z_priq_dumb_best
                0x0000000000405d4d       0x14 zephyr/kernel/libkernel.a(sched.c.obj)
                0x0000000000405d4d                z_priq_dumb_best
 .text.update_cache
                0x0000000000405d61       0x52 zephyr/kernel/libkernel.a(sched.c.obj)
 .text.move_thread_to_end_of_prio_q
                0x0000000000405db3       0xa2 zephyr/kernel/libkernel.a(sched.c.obj)
 .text.z_time_slice
                0x0000000000405e55       0x57 zephyr/kernel/libkernel.a(sched.c.obj)
                0x0000000000405e55                z_time_slice
 .text.ready_thread
                0x0000000000405eac       0xa1 zephyr/kernel/libkernel.a(sched.c.obj)
 .text.z_ready_thread
                0x0000000000405f4d       0x2b zephyr/kernel/libkernel.a(sched.c.obj)
                0x0000000000405f4d                z_ready_thread
 .text.z_sched_start
                0x0000000000405f78       0x51 zephyr/kernel/libkernel.a(sched.c.obj)
                0x0000000000405f78                z_sched_start
 .text.z_sched_wake_thread
                0x0000000000405fc9       0x51 zephyr/kernel/libkernel.a(sched.c.obj)
                0x0000000000405fc9                z_sched_wake_thread
 .text.z_thread_timeout
                0x000000000040601a       0x12 zephyr/kernel/libkernel.a(sched.c.obj)
                0x000000000040601a                z_thread_timeout
 .text.k_sched_unlock
                0x000000000040602c       0x2e zephyr/kernel/libkernel.a(sched.c.obj)
                0x000000000040602c                k_sched_unlock
 .text.z_thread_halt
                0x000000000040605a       0xd5 zephyr/kernel/libkernel.a(sched.c.obj)
 .text.init_ready_q
                0x000000000040612f       0x11 zephyr/kernel/libkernel.a(sched.c.obj)
                0x000000000040612f                init_ready_q
 .text.z_sched_init
                0x0000000000406140       0x14 zephyr/kernel/libkernel.a(sched.c.obj)
                0x0000000000406140                z_sched_init
 .text.z_impl_k_sched_current_thread_query
                0x0000000000406154       0x10 zephyr/kernel/libkernel.a(sched.c.obj)
                0x0000000000406154                z_impl_k_sched_current_thread_query
 .text.z_thread_abort
                0x0000000000406164       0x5d zephyr/kernel/libkernel.a(sched.c.obj)
                0x0000000000406164                z_thread_abort
 .text.idle     0x00000000004061c1       0x11 zephyr/kernel/libkernel.a(idle.c.obj)
                0x00000000004061c1                idle
 .text.elapsed  0x00000000004061d2       0x11 zephyr/kernel/libkernel.a(timeout.c.obj)
 .text.next_timeout
                0x00000000004061e3       0x48 zephyr/kernel/libkernel.a(timeout.c.obj)
 .text.remove_timeout
                0x000000000040622b       0x3c zephyr/kernel/libkernel.a(timeout.c.obj)
 .text.z_add_timeout
                0x0000000000406267       0xec zephyr/kernel/libkernel.a(timeout.c.obj)
                0x0000000000406267                z_add_timeout
 .text.z_abort_timeout
                0x0000000000406353       0x42 zephyr/kernel/libkernel.a(timeout.c.obj)
                0x0000000000406353                z_abort_timeout
 .text.sys_clock_announce
                0x0000000000406395       0xc7 zephyr/kernel/libkernel.a(timeout.c.obj)
                0x0000000000406395                sys_clock_announce
 .text.boot_banner
                0x000000000040645c       0x12 zephyr/kernel/libkernel.a(banner.c.obj)
                0x000000000040645c                boot_banner
 .text.z_device_state_init
                0x000000000040646e        0x5 zephyr/kernel/libkernel.a(device.c.obj)
                0x000000000040646e                z_device_state_init
 *(SORT_BY_ALIGNMENT(.gnu.warning))

.fini           0x0000000000406474        0xd
 *(SORT_NONE(.fini))
 .fini          0x0000000000406474        0x8 /usr/lib/gcc/x86_64-linux-gnu/11/../../../x86_64-linux-gnu/crti.o
                0x0000000000406474                _fini
 .fini          0x000000000040647c        0x5 /usr/lib/gcc/x86_64-linux-gnu/11/../../../x86_64-linux-gnu/crtn.o
                [!provide]                        PROVIDE (__etext = .)
                [!provide]                        PROVIDE (_etext = .)
                [!provide]                        PROVIDE (etext = .)
                0x0000000000407000                . = ALIGN (CONSTANT (MAXPAGESIZE))
                0x0000000000407000                . = SEGMENT_START ("rodata-segment", (ALIGN (CONSTANT (MAXPAGESIZE)) + (. & (CONSTANT (MAXPAGESIZE) - 0x1))))

.rodata         0x0000000000407000      0xeaf
 *(SORT_BY_ALIGNMENT(.rodata) SORT_BY_ALIGNMENT(.rodata.*) SORT_BY_ALIGNMENT(.gnu.linkonce.r.*))
 .rodata.__func__.0
                0x0000000000407000       0x1d zephyr/boards/posix/native_posix/libboards__posix__native_posix.a(irq_handler.c.obj)
 *fill*         0x000000000040701d        0x3 
 .rodata.cst8   0x0000000000407020       0x28 zephyr/boards/posix/native_posix/libboards__posix__native_posix.a(timer_model.c.obj)
 .rodata.cst8   0x0000000000407048        0x8 zephyr/boards/posix/native_posix/libboards__posix__native_posix.a(cmdline_common.c.obj)
 .rodata.z_cbvprintf_impl
                0x0000000000407050       0x78 zephyr/libzephyr.a(cbprintf_complete.c.obj)
 .rodata.cst4   0x00000000004070c8        0x8 zephyr/boards/posix/native_posix/libboards__posix__native_posix.a(hw_models_top.c.obj)
 .rodata._posix_zephyr_main.str1.1
                0x00000000004070d0       0x21 app/libapp.a(main.c.obj)
 .rodata.z_thread_entry.str1.1
                0x00000000004070f1       0x4e zephyr/libzephyr.a(thread_entry.c.obj)
 .rodata.z_cbvprintf_impl.str1.1
                0x000000000040713f        0x6 zephyr/libzephyr.a(cbprintf_complete.c.obj)
 .rodata.arch_system_halt.str1.1
                0x0000000000407145       0x47 zephyr/arch/arch/posix/core/libarch__posix__core.a(fatal.c.obj)
                                         0x6c (size before relaxing)
 .rodata.z_impl_k_thread_abort.str1.1
                0x000000000040718c       0x77 zephyr/arch/arch/posix/core/libarch__posix__core.a(thread.c.obj)
 .rodata.pc_safe_call.str1.1
                0x0000000000407203       0x1a zephyr/arch/arch/posix/core/libarch__posix__core.a(posix_core.c.obj)
 .rodata.posix_preexit_cleanup.str1.1
                0x000000000040721d       0x23 zephyr/arch/arch/posix/core/libarch__posix__core.a(posix_core.c.obj)
 .rodata.posix_thread_starter.str1.1
                0x0000000000407240       0x51 zephyr/arch/arch/posix/core/libarch__posix__core.a(posix_core.c.obj)
 .rodata.posix_swap.str1.1
                0x0000000000407291       0x26 zephyr/arch/arch/posix/core/libarch__posix__core.a(posix_core.c.obj)
 .rodata.posix_new_thread.str1.1
                0x00000000004072b7       0x8c zephyr/arch/arch/posix/core/libarch__posix__core.a(posix_core.c.obj)
 .rodata.nsi_safe_call.str1.1
                0x0000000000407343       0x8c zephyr/arch/arch/posix/core/libarch__posix__core.a(nce.c.obj)
                                          0xe (size before relaxing)
 .rodata.sw_wrapper.str1.1
                0x0000000000407343       0x48 zephyr/arch/arch/posix/core/libarch__posix__core.a(nce.c.obj)
 .rodata.change_cpu_state_and_wait.str1.1
                0x000000000040738b       0x28 zephyr/arch/arch/posix/core/libarch__posix__core.a(nce.c.obj)
 .rodata.nce_init.str1.1
                0x00000000004073b3       0x6e zephyr/arch/arch/posix/core/libarch__posix__core.a(nce.c.obj)
 .rodata.nce_boot_cpu.str1.1
                0x0000000000407421       0x37 zephyr/arch/arch/posix/core/libarch__posix__core.a(nce.c.obj)
 .rodata.nce_halt_cpu.str1.1
                0x0000000000407458       0x37 zephyr/arch/arch/posix/core/libarch__posix__core.a(nce.c.obj)
 .rodata.nce_wake_cpu.str1.1
                0x000000000040748f       0x1c zephyr/arch/arch/posix/core/libarch__posix__core.a(nce.c.obj)
 .rodata.hwm_set_sig_handler.str1.1
                0x00000000004074ab       0x57 zephyr/boards/posix/native_posix/libboards__posix__native_posix.a(hw_models_top.c.obj)
                                         0x71 (size before relaxing)
 .rodata.hwm_one_event.str1.1
                0x0000000000407502       0x65 zephyr/boards/posix/native_posix/libboards__posix__native_posix.a(hw_models_top.c.obj)
 .rodata.cmd_stop_at_found.str1.1
                0x0000000000407567       0x26 zephyr/boards/posix/native_posix/libboards__posix__native_posix.a(timer_model.c.obj)
 .rodata.cmd_rt_ratio_found.str1.1
                0x000000000040758d       0x3c zephyr/boards/posix/native_posix/libboards__posix__native_posix.a(timer_model.c.obj)
 .rodata.cmd_rt_drift_found.str1.1
                0x00000000004075c9       0x3d zephyr/boards/posix/native_posix/libboards__posix__native_posix.a(timer_model.c.obj)
 .rodata.str1.1
                0x0000000000407606      0x3d9 zephyr/boards/posix/native_posix/libboards__posix__native_posix.a(timer_model.c.obj)
                                        0x3e8 (size before relaxing)
 .rodata.posix_irq_handler.str1.1
                0x00000000004079df       0x2e zephyr/boards/posix/native_posix/libboards__posix__native_posix.a(irq_handler.c.obj)
 .rodata.posix_irq_handler_im_from_sw.str1.1
                0x0000000000407a0d       0x35 zephyr/boards/posix/native_posix/libboards__posix__native_posix.a(irq_handler.c.obj)
 .rodata.posix_isr_declare.str1.1
                0x0000000000407a42       0x32 zephyr/boards/posix/native_posix/libboards__posix__native_posix.a(irq_handler.c.obj)
 .rodata.str1.1
                0x0000000000407a74       0xb8 zephyr/boards/posix/native_posix/libboards__posix__native_posix.a(tracing.c.obj)
                                         0xbe (size before relaxing)
 .rodata.cmd_gen_switch_syntax.constprop.0.str1.1
                0x0000000000407b2c       0x75 zephyr/boards/posix/native_posix/libboards__posix__native_posix.a(cmdline_common.c.obj)
                                         0x77 (size before relaxing)
 .rodata.cmd_is_option.str1.1
                0x0000000000407ba1       0x5a zephyr/boards/posix/native_posix/libboards__posix__native_posix.a(cmdline_common.c.obj)
 .rodata.cmd_is_help_option.str1.1
                0x0000000000407bfb        0x4 zephyr/boards/posix/native_posix/libboards__posix__native_posix.a(cmdline_common.c.obj)
                                          0x9 (size before relaxing)
 .rodata.cmd_read_option_value.str1.1
                0x0000000000407bff       0x76 zephyr/boards/posix/native_posix/libboards__posix__native_posix.a(cmdline_common.c.obj)
 .rodata.cmd_print_switches_help.str1.1
                0x0000000000407c75       0x19 zephyr/boards/posix/native_posix/libboards__posix__native_posix.a(cmdline_common.c.obj)
                                         0x22 (size before relaxing)
 .rodata.cmd_print_long_help.str1.1
                0x0000000000407c8e       0x7e zephyr/boards/posix/native_posix/libboards__posix__native_posix.a(cmdline_common.c.obj)
                                         0x7f (size before relaxing)
 .rodata.cmd_parse_one_arg.str1.1
                0x0000000000407d0c       0x4b zephyr/boards/posix/native_posix/libboards__posix__native_posix.a(cmdline_common.c.obj)
 .rodata.native_add_command_line_opts.str1.1
                0x0000000000407d57       0x1a zephyr/boards/posix/native_posix/libboards__posix__native_posix.a(cmdline.c.obj)
 .rodata.native_handle_cmd_line.str1.1
                0x0000000000407d71       0x5f zephyr/boards/posix/native_posix/libboards__posix__native_posix.a(cmdline.c.obj)
 .rodata.str1.1
                0x0000000000407dd0       0x66 zephyr/boards/posix/native_posix/libboards__posix__native_posix.a(cmdline.c.obj)
 .rodata.print_char.str1.1
                0x0000000000407e36       0x66 zephyr/drivers/console/libdrivers__console.a(posix_arch_console.c.obj)
                                          0x4 (size before relaxing)
 .rodata.z_cstart.str1.1
                0x0000000000407e36       0x26 zephyr/kernel/libkernel.a(init.c.obj)
                                         0x4b (size before relaxing)
 .rodata.z_thread_abort.str1.1
                0x0000000000407e5c       0x2b zephyr/kernel/libkernel.a(sched.c.obj)
 .rodata.boot_banner.str1.1
                0x0000000000407e87       0x28 zephyr/kernel/libkernel.a(banner.c.obj)

.rodata1
 *(SORT_BY_ALIGNMENT(.rodata1))

.eh_frame_hdr   0x0000000000407eb0       0x2c
 *(SORT_BY_ALIGNMENT(.eh_frame_hdr))
 .eh_frame_hdr  0x0000000000407eb0       0x2c /usr/lib/gcc/x86_64-linux-gnu/11/../../../x86_64-linux-gnu/Scrt1.o
                0x0000000000407eb0                __GNU_EH_FRAME_HDR
 *(SORT_BY_ALIGNMENT(.eh_frame_entry) SORT_BY_ALIGNMENT(.eh_frame_entry.*))

.eh_frame       0x0000000000407ee0       0x88
 *(SORT_BY_ALIGNMENT(.eh_frame))
 .eh_frame      0x0000000000407ee0       0x30 /usr/lib/gcc/x86_64-linux-gnu/11/../../../x86_64-linux-gnu/Scrt1.o
                                         0x2c (size before relaxing)
 *fill*         0x0000000000407f10        0x0 
 .eh_frame      0x0000000000407f10       0x28 /usr/lib/gcc/x86_64-linux-gnu/11/../../../x86_64-linux-gnu/Scrt1.o
                                         0x40 (size before relaxing)
 .eh_frame      0x0000000000407f38       0x18 /usr/lib/gcc/x86_64-linux-gnu/11/../../../x86_64-linux-gnu/Scrt1.o
                                         0x30 (size before relaxing)
 .eh_frame      0x0000000000407f50       0x14 /usr/lib/gcc/x86_64-linux-gnu/11/../../../x86_64-linux-gnu/Scrt1.o
                                         0x30 (size before relaxing)
 .eh_frame      0x0000000000407f64        0x4 /usr/lib/gcc/x86_64-linux-gnu/11/crtendS.o
 *(SORT_BY_ALIGNMENT(.eh_frame.*))

.gcc_except_table
 *(SORT_BY_ALIGNMENT(.gcc_except_table) SORT_BY_ALIGNMENT(.gcc_except_table.*))

.gnu_extab
 *(SORT_BY_ALIGNMENT(.gnu_extab*))

.exception_ranges
 *(SORT_BY_ALIGNMENT(.exception_ranges*))
                0x0000000000409bd0                . = DATA_SEGMENT_ALIGN (CONSTANT (MAXPAGESIZE), CONSTANT (COMMONPAGESIZE))

.eh_frame
 *(SORT_BY_ALIGNMENT(.eh_frame))
 *(SORT_BY_ALIGNMENT(.eh_frame.*))

.gnu_extab
 *(SORT_BY_ALIGNMENT(.gnu_extab))

.gcc_except_table
 *(SORT_BY_ALIGNMENT(.gcc_except_table) SORT_BY_ALIGNMENT(.gcc_except_table.*))

.exception_ranges
 *(SORT_BY_ALIGNMENT(.exception_ranges*))

.tdata          0x0000000000409bd0        0x0
                [!provide]                        PROVIDE (__tdata_start = .)
 *(SORT_BY_ALIGNMENT(.tdata) SORT_BY_ALIGNMENT(.tdata.*) SORT_BY_ALIGNMENT(.gnu.linkonce.td.*))

.tbss
 *(SORT_BY_ALIGNMENT(.tbss) SORT_BY_ALIGNMENT(.tbss.*) SORT_BY_ALIGNMENT(.gnu.linkonce.tb.*))
 *(SORT_BY_ALIGNMENT(.tcommon))

.preinit_array  0x0000000000409bd0        0x0
                [!provide]                        PROVIDE (__preinit_array_start = .)
 *(SORT_BY_ALIGNMENT(.preinit_array))
                [!provide]                        PROVIDE (__preinit_array_end = .)

.init_array     0x0000000000409bd0        0x8
                [!provide]                        PROVIDE (__init_array_start = .)
 *(SORT_BY_INIT_PRIORITY(.init_array.*) SORT_BY_INIT_PRIORITY(.ctors.*))
 *(SORT_BY_ALIGNMENT(.init_array) SORT_BY_ALIGNMENT(EXCLUDE_FILE(*crtend?.o *crtend.o *crtbegin?.o *crtbegin.o) .ctors))
 .init_array    0x0000000000409bd0        0x8 /usr/lib/gcc/x86_64-linux-gnu/11/crtbeginS.o
                [!provide]                        PROVIDE (__init_array_end = .)

.fini_array     0x0000000000409bd8        0x8
                [!provide]                        PROVIDE (__fini_array_start = .)
 *(SORT_BY_INIT_PRIORITY(.fini_array.*) SORT_BY_INIT_PRIORITY(.dtors.*))
 *(SORT_BY_ALIGNMENT(.fini_array) SORT_BY_ALIGNMENT(EXCLUDE_FILE(*crtend?.o *crtend.o *crtbegin?.o *crtbegin.o) .dtors))
 .fini_array    0x0000000000409bd8        0x8 /usr/lib/gcc/x86_64-linux-gnu/11/crtbeginS.o
                [!provide]                        PROVIDE (__fini_array_end = .)

.ctors
 *crtbegin.o(SORT_BY_ALIGNMENT(.ctors))
 *crtbegin?.o(SORT_BY_ALIGNMENT(.ctors))
 *(SORT_BY_ALIGNMENT(EXCLUDE_FILE(*crtend?.o *crtend.o) .ctors))
 *(SORT_BY_NAME(SORT_BY_ALIGNMENT(.ctors.*)))
 *(SORT_BY_ALIGNMENT(.ctors))

.dtors
 *crtbegin.o(SORT_BY_ALIGNMENT(.dtors))
 *crtbegin?.o(SORT_BY_ALIGNMENT(.dtors))
 *(SORT_BY_ALIGNMENT(EXCLUDE_FILE(*crtend?.o *crtend.o) .dtors))
 *(SORT_BY_NAME(SORT_BY_ALIGNMENT(.dtors.*)))
 *(SORT_BY_ALIGNMENT(.dtors))

.jcr
 *(SORT_BY_ALIGNMENT(.jcr))

.data.rel.ro    0x0000000000409be0       0x70
 *(SORT_BY_ALIGNMENT(.data.rel.ro.local*) SORT_BY_ALIGNMENT(.gnu.linkonce.d.rel.ro.local.*))
 *(SORT_BY_ALIGNMENT(.data.rel.ro) SORT_BY_ALIGNMENT(.data.rel.ro.*) SORT_BY_ALIGNMENT(.gnu.linkonce.d.rel.ro.*))
 .data.rel.ro.native_pre_tasks.0
                0x0000000000409be0       0x30 zephyr/soc/soc/posix/inf_clock/libsoc__posix__inf_clock.a(native_tasks.c.obj)
 *fill*         0x0000000000409c10       0x10 
 .data.rel.ro.levels.0
                0x0000000000409c20       0x30 zephyr/kernel/libkernel.a(init.c.obj)
 .data.rel.ro   0x0000000000409c50        0x0 /usr/lib/gcc/x86_64-linux-gnu/11/../../../x86_64-linux-gnu/Scrt1.o

.dynamic        0x0000000000409c50      0x200
 *(SORT_BY_ALIGNMENT(.dynamic))
 .dynamic       0x0000000000409c50      0x200 /usr/lib/gcc/x86_64-linux-gnu/11/../../../x86_64-linux-gnu/Scrt1.o
                0x0000000000409c50                _DYNAMIC

.got            0x0000000000409e50      0x198
 *(SORT_BY_ALIGNMENT(.got.plt))
 .got.plt       0x0000000000409e50      0x160 /usr/lib/gcc/x86_64-linux-gnu/11/../../../x86_64-linux-gnu/Scrt1.o
                0x0000000000409e50                _GLOBAL_OFFSET_TABLE_
 *(SORT_BY_ALIGNMENT(.igot.plt))
 .igot.plt      0x0000000000409fb0        0x0 /usr/lib/gcc/x86_64-linux-gnu/11/../../../x86_64-linux-gnu/Scrt1.o
 *(SORT_BY_ALIGNMENT(.got))
 .got           0x0000000000409fb0       0x38 /usr/lib/gcc/x86_64-linux-gnu/11/../../../x86_64-linux-gnu/Scrt1.o
 *(SORT_BY_ALIGNMENT(.igot))
                0x000000000040a000                . = DATA_SEGMENT_RELRO_END (., 0x0)

.data           0x000000000040a000      0x35d
 *(SORT_BY_ALIGNMENT(.data) SORT_BY_ALIGNMENT(.data.*) SORT_BY_ALIGNMENT(.gnu.linkonce.d.*))
 .data.rel.local.timer_options.0
                0x000000000040a000      0x1c0 zephyr/boards/posix/native_posix/libboards__posix__native_posix.a(timer_model.c.obj)
 .data.rel.trace_options.0
                0x000000000040a1c0       0xe0 zephyr/boards/posix/native_posix/libboards__posix__native_posix.a(tracing.c.obj)
 .data.rel.local.testargs_options.0
                0x000000000040a2a0       0x70 zephyr/boards/posix/native_posix/libboards__posix__native_posix.a(cmdline.c.obj)
 .data.rel.local.timeout_list
                0x000000000040a310       0x10 zephyr/kernel/libkernel.a(timeout.c.obj)
 .data.rel.local
                0x000000000040a320        0x8 /usr/lib/gcc/x86_64-linux-gnu/11/crtbeginS.o
                0x000000000040a320                __dso_handle
 .data.rel._char_out
                0x000000000040a328        0x8 zephyr/libzephyr.a(printk.c.obj)
                0x000000000040a328                _char_out
 .data.end_of_time
                0x000000000040a330        0x8 zephyr/boards/posix/native_posix/libboards__posix__native_posix.a(hw_models_top.c.obj)
 .data.clock_ratio
                0x000000000040a338        0x8 zephyr/boards/posix/native_posix/libboards__posix__native_posix.a(timer_model.c.obj)
 .data.irq_ctrl_timer
                0x000000000040a340        0x8 zephyr/boards/posix/native_posix/libboards__posix__native_posix.a(irq_ctrl.c.obj)
                0x000000000040a340                irq_ctrl_timer
 .data.is_a_tty
                0x000000000040a348        0x8 zephyr/boards/posix/native_posix/libboards__posix__native_posix.a(tracing.c.obj)
 .data.next_timer_index
                0x000000000040a350        0x4 zephyr/boards/posix/native_posix/libboards__posix__native_posix.a(hw_models_top.c.obj)
 .data.currently_running_irq
                0x000000000040a354        0x4 zephyr/boards/posix/native_posix/libboards__posix__native_posix.a(irq_handler.c.obj)
 .data.currently_running_prio
                0x000000000040a358        0x4 zephyr/boards/posix/native_posix/libboards__posix__native_posix.a(irq_ctrl.c.obj)
 .data.real_time_mode
                0x000000000040a35c        0x1 zephyr/boards/posix/native_posix/libboards__posix__native_posix.a(timer_model.c.obj)
LOAD /usr/lib/gcc/x86_64-linux-gnu/11/../../../x86_64-linux-gnu/Scrt1.o
LOAD /usr/lib/gcc/x86_64-linux-gnu/11/../../../x86_64-linux-gnu/crti.o
LOAD /usr/lib/gcc/x86_64-linux-gnu/11/crtbeginS.o
LOAD zephyr/CMakeFiles/zephyr_pre0.dir/misc/empty_file.c.obj
LOAD zephyr/CMakeFiles/offsets.dir/./arch/posix/core/offsets/offsets.c.obj
LOAD app/libapp.a
LOAD zephyr/libzephyr.a
LOAD zephyr/arch/arch/posix/core/libarch__posix__core.a
LOAD zephyr/soc/soc/posix/inf_clock/libsoc__posix__inf_clock.a
LOAD zephyr/boards/posix/native_posix/libboards__posix__native_posix.a
LOAD zephyr/drivers/console/libdrivers__console.a
LOAD zephyr/drivers/timer/libdrivers__timer.a
LOAD zephyr/kernel/libkernel.a
LOAD /usr/lib/gcc/x86_64-linux-gnu/11/../../../x86_64-linux-gnu/libdl.a
LOAD /usr/lib/gcc/x86_64-linux-gnu/11/../../../x86_64-linux-gnu/libm.so
START GROUP
LOAD /lib/x86_64-linux-gnu/libm.so.6
LOAD /lib/x86_64-linux-gnu/libmvec.so.1
END GROUP
LOAD /usr/lib/gcc/x86_64-linux-gnu/11/libgcc.a
LOAD /usr/lib/gcc/x86_64-linux-gnu/11/libgcc_s.so
START GROUP
LOAD /usr/lib/gcc/x86_64-linux-gnu/11/../../../x86_64-linux-gnu/libgcc_s.so.1
LOAD /usr/lib/gcc/x86_64-linux-gnu/11/libgcc.a
END GROUP
LOAD /usr/lib/gcc/x86_64-linux-gnu/11/../../../x86_64-linux-gnu/libpthread.a
LOAD /usr/lib/gcc/x86_64-linux-gnu/11/../../../x86_64-linux-gnu/libc.so
START GROUP
LOAD /lib/x86_64-linux-gnu/libc.so.6
LOAD /usr/lib/x86_64-linux-gnu/libc_nonshared.a
LOAD /lib64/ld-linux-x86-64.so.2
END GROUP
LOAD /usr/lib/gcc/x86_64-linux-gnu/11/libgcc.a
LOAD /usr/lib/gcc/x86_64-linux-gnu/11/libgcc_s.so
START GROUP
LOAD /usr/lib/gcc/x86_64-linux-gnu/11/../../../x86_64-linux-gnu/libgcc_s.so.1
LOAD /usr/lib/gcc/x86_64-linux-gnu/11/libgcc.a
END GROUP
LOAD /usr/lib/gcc/x86_64-linux-gnu/11/crtendS.o
LOAD /usr/lib/gcc/x86_64-linux-gnu/11/../../../x86_64-linux-gnu/crtn.o

.tm_clone_table
                0x000000000040a360        0x0
 .tm_clone_table
                0x000000000040a360        0x0 /usr/lib/gcc/x86_64-linux-gnu/11/crtbeginS.o
 .tm_clone_table
                0x000000000040a360        0x0 /usr/lib/gcc/x86_64-linux-gnu/11/crtendS.o

rom_start

initlevel       0x000000000040a360       0x20
                0x000000000040a360                __init_start = .
                0x000000000040a360                __init_EARLY_start = .
 *(SORT_BY_NAME(SORT_BY_ALIGNMENT(.z_init_EARLY?_*)))
 *(SORT_BY_NAME(SORT_BY_ALIGNMENT(.z_init_EARLY??_*)))
                0x000000000040a360                __init_PRE_KERNEL_1_start = .
 *(SORT_BY_NAME(SORT_BY_ALIGNMENT(.z_init_PRE_KERNEL_1?_*)))
 *(SORT_BY_NAME(SORT_BY_ALIGNMENT(.z_init_PRE_KERNEL_1??_*)))
 .z_init_PRE_KERNEL_199_0_
                0x000000000040a360       0x10 zephyr/drivers/console/libdrivers__console.a(posix_arch_console.c.obj)
                0x000000000040a370                __init_PRE_KERNEL_2_start = .
 *(SORT_BY_NAME(SORT_BY_ALIGNMENT(.z_init_PRE_KERNEL_2?_*)))
 .z_init_PRE_KERNEL_20_0_
                0x000000000040a370       0x10 zephyr/drivers/timer/libdrivers__timer.a(native_posix_timer.c.obj)
 *(SORT_BY_NAME(SORT_BY_ALIGNMENT(.z_init_PRE_KERNEL_2??_*)))
                0x000000000040a380                __init_POST_KERNEL_start = .
 *(SORT_BY_NAME(SORT_BY_ALIGNMENT(.z_init_POST_KERNEL?_*)))
 *(SORT_BY_NAME(SORT_BY_ALIGNMENT(.z_init_POST_KERNEL??_*)))
                0x000000000040a380                __init_APPLICATION_start = .
 *(SORT_BY_NAME(SORT_BY_ALIGNMENT(.z_init_APPLICATION?_*)))
 *(SORT_BY_NAME(SORT_BY_ALIGNMENT(.z_init_APPLICATION??_*)))
                0x000000000040a380                __init_SMP_start = .
 *(SORT_BY_NAME(SORT_BY_ALIGNMENT(.z_init_SMP?_*)))
 *(SORT_BY_NAME(SORT_BY_ALIGNMENT(.z_init_SMP??_*)))
                0x000000000040a380                __init_end = .

device_area     0x000000000040a380        0x0
                0x000000000040a380                _device_list_start = .
 *(SORT_BY_NAME(SORT_BY_ALIGNMENT(._device.static.*_?_*)))
 *(SORT_BY_NAME(SORT_BY_ALIGNMENT(._device.static.*_??_*)))
                0x000000000040a380                _device_list_end = .

initlevel_error
                0x000000000040a380        0x0
 *(SORT_BY_NAME(SORT_BY_ALIGNMENT(.z_init_[_A-Z0-9]*)))
                0x0000000000000001                ASSERT ((SIZEOF (initlevel_error) == 0x0), Undefined initialization levels used.)

app_shmem_regions
                0x000000000040a380        0x0
                0x000000000040a380                __app_shmem_regions_start = .
 *(SORT_BY_NAME(SORT_BY_ALIGNMENT(.app_regions.*)))
                0x000000000040a380                __app_shmem_regions_end = .

k_p4wq_initparam_area
                0x000000000040a380        0x0
                0x000000000040a380                _k_p4wq_initparam_list_start = .
 *(SORT_BY_NAME(SORT_BY_ALIGNMENT(._k_p4wq_initparam.static.*)))
                0x000000000040a380                _k_p4wq_initparam_list_end = .

_static_thread_data_area
                0x000000000040a380        0x0
                0x000000000040a380                __static_thread_data_list_start = .
 *(SORT_BY_NAME(SORT_BY_ALIGNMENT(.__static_thread_data.static.*)))
                0x000000000040a380                __static_thread_data_list_end = .

device_deps     0x000000000040a380        0x0
                0x000000000040a380                __device_deps_start = .
 *(SORT_BY_NAME(SORT_BY_ALIGNMENT(.__device_deps_pass2*)))
                0x000000000040a380                __device_deps_end = .

ztest           0x000000000040a380        0x0
                0x000000000040a380                _ztest_expected_result_entry_list_start = .
 *(SORT_BY_NAME(SORT_BY_ALIGNMENT(._ztest_expected_result_entry.static.*)))
                0x000000000040a380                _ztest_expected_result_entry_list_end = .
                0x000000000040a380                _ztest_suite_node_list_start = .
 *(SORT_BY_NAME(SORT_BY_ALIGNMENT(._ztest_suite_node.static.*)))
                0x000000000040a380                _ztest_suite_node_list_end = .
                0x000000000040a380                _ztest_unit_test_list_start = .
 *(SORT_BY_NAME(SORT_BY_ALIGNMENT(._ztest_unit_test.static.*)))
                0x000000000040a380                _ztest_unit_test_list_end = .
                0x000000000040a380                _ztest_test_rule_list_start = .
 *(SORT_BY_NAME(SORT_BY_ALIGNMENT(._ztest_test_rule.static.*)))
                0x000000000040a380                _ztest_test_rule_list_end = .

bt_l2cap_fixed_chan_area
                0x000000000040a380        0x0
                0x000000000040a380                _bt_l2cap_fixed_chan_list_start = .
 *(SORT_BY_NAME(SORT_BY_ALIGNMENT(._bt_l2cap_fixed_chan.static.*)))
                0x000000000040a380                _bt_l2cap_fixed_chan_list_end = .

bt_gatt_service_static_area
                0x000000000040a380        0x0
                0x000000000040a380                _bt_gatt_service_static_list_start = .
 *(SORT_BY_NAME(SORT_BY_ALIGNMENT(._bt_gatt_service_static.static.*)))
                0x000000000040a380                _bt_gatt_service_static_list_end = .

log_strings_area
                0x000000000040a380        0x0
                0x000000000040a380                _log_strings_list_start = .
 *(SORT_BY_NAME(SORT_BY_ALIGNMENT(._log_strings.static.*)))
                0x000000000040a380                _log_strings_list_end = .

log_const_area  0x000000000040a380        0x0
                0x000000000040a380                _log_const_list_start = .
 *(SORT_BY_NAME(SORT_BY_ALIGNMENT(._log_const.static.*)))
                0x000000000040a380                _log_const_list_end = .

log_backend_area
                0x000000000040a380        0x0
                0x000000000040a380                _log_backend_list_start = .
 *(SORT_BY_NAME(SORT_BY_ALIGNMENT(._log_backend.static.*)))
                0x000000000040a380                _log_backend_list_end = .

log_link_area   0x000000000040a380        0x0
                0x000000000040a380                _log_link_list_start = .
 *(SORT_BY_NAME(SORT_BY_ALIGNMENT(._log_link.static.*)))
                0x000000000040a380                _log_link_list_end = .

tracing_backend_area
                0x000000000040a380        0x0
                0x000000000040a380                _tracing_backend_list_start = .
 *(SORT_BY_NAME(SORT_BY_ALIGNMENT(._tracing_backend.static.*)))
                0x000000000040a380                _tracing_backend_list_end = .

zephyr_dbg_info
 *(SORT_BY_ALIGNMENT(.dbg_thread_info))

symbol_to_keep  0x000000000040a380        0x0
                0x000000000040a380                __symbol_to_keep_start = .
 *(SORT_BY_NAME(SORT_BY_ALIGNMENT(.symbol_to_keep*)))
                0x000000000040a380                __symbol_to_keep_end = .

shell_area      0x000000000040a380        0x0
                0x000000000040a380                _shell_list_start = .
 *(SORT_BY_NAME(SORT_BY_ALIGNMENT(._shell.static.*)))
                0x000000000040a380                _shell_list_end = .

shell_root_cmds_area
                0x000000000040a380        0x0
                0x000000000040a380                _shell_root_cmds_list_start = .
 *(SORT_BY_NAME(SORT_BY_ALIGNMENT(._shell_root_cmds.static.*)))
                0x000000000040a380                _shell_root_cmds_list_end = .

shell_subcmds_area
                0x000000000040a380        0x0
                0x000000000040a380                _shell_subcmds_list_start = .
 *(SORT_BY_NAME(SORT_BY_ALIGNMENT(._shell_subcmds.static.*)))
                0x000000000040a380                _shell_subcmds_list_end = .

shell_dynamic_subcmds_area
                0x000000000040a380        0x0
                0x000000000040a380                _shell_dynamic_subcmds_list_start = .
 *(SORT_BY_NAME(SORT_BY_ALIGNMENT(._shell_dynamic_subcmds.static.*)))
                0x000000000040a380                _shell_dynamic_subcmds_list_end = .

cfb_font_area   0x000000000040a380        0x0
                0x000000000040a380                _cfb_font_list_start = .
 *(SORT_BY_NAME(SORT_BY_ALIGNMENT(._cfb_font.static.*)))
                0x000000000040a380                _cfb_font_list_end = .

rodata

datas

device_states   0x000000000040a380        0x0
                0x000000000040a380                __device_states_start = .
 *(SORT_BY_ALIGNMENT(.z_devstate))
 *(SORT_BY_ALIGNMENT(.z_devstate.*))
                0x000000000040a380                __device_states_end = .

log_mpsc_pbuf_area
                0x000000000040a380        0x0
                0x000000000040a380                _log_mpsc_pbuf_list_start = .
 *(SORT_BY_NAME(SORT_BY_ALIGNMENT(._log_mpsc_pbuf.static.*)))
                0x000000000040a380                _log_mpsc_pbuf_list_end = .

log_msg_ptr_area
                0x000000000040a380        0x0
                0x000000000040a380                _log_msg_ptr_list_start = .
 *(SORT_BY_NAME(SORT_BY_ALIGNMENT(._log_msg_ptr.static.*)))
                0x000000000040a380                _log_msg_ptr_list_end = .

log_dynamic_area
                0x000000000040a380        0x0
                0x000000000040a380                _log_dynamic_list_start = .
 *(SORT_BY_NAME(SORT_BY_ALIGNMENT(._log_dynamic.static.*)))
                0x000000000040a380                _log_dynamic_list_end = .

k_timer_area    0x000000000040a380        0x0
                0x000000000040a380                _k_timer_list_start = .
 *(SORT_BY_NAME(SORT_BY_ALIGNMENT(._k_timer.static.*)))
                0x000000000040a380                _k_timer_list_end = .

k_mem_slab_area
                0x000000000040a380        0x0
                0x000000000040a380                _k_mem_slab_list_start = .
 *(SORT_BY_NAME(SORT_BY_ALIGNMENT(._k_mem_slab.static.*)))
                0x000000000040a380                _k_mem_slab_list_end = .

k_heap_area     0x000000000040a380        0x0
                0x000000000040a380                _k_heap_list_start = .
 *(SORT_BY_NAME(SORT_BY_ALIGNMENT(._k_heap.static.*)))
                0x000000000040a380                _k_heap_list_end = .

k_mutex_area    0x000000000040a380        0x0
                0x000000000040a380                _k_mutex_list_start = .
 *(SORT_BY_NAME(SORT_BY_ALIGNMENT(._k_mutex.static.*)))
                0x000000000040a380                _k_mutex_list_end = .

k_stack_area    0x000000000040a380        0x0
                0x000000000040a380                _k_stack_list_start = .
 *(SORT_BY_NAME(SORT_BY_ALIGNMENT(._k_stack.static.*)))
                0x000000000040a380                _k_stack_list_end = .

k_msgq_area     0x000000000040a380        0x0
                0x000000000040a380                _k_msgq_list_start = .
 *(SORT_BY_NAME(SORT_BY_ALIGNMENT(._k_msgq.static.*)))
                0x000000000040a380                _k_msgq_list_end = .

k_mbox_area     0x000000000040a380        0x0
                0x000000000040a380                _k_mbox_list_start = .
 *(SORT_BY_NAME(SORT_BY_ALIGNMENT(._k_mbox.static.*)))
                0x000000000040a380                _k_mbox_list_end = .

k_pipe_area     0x000000000040a380        0x0
                0x000000000040a380                _k_pipe_list_start = .
 *(SORT_BY_NAME(SORT_BY_ALIGNMENT(._k_pipe.static.*)))
                0x000000000040a380                _k_pipe_list_end = .

k_sem_area      0x000000000040a380        0x0
                0x000000000040a380                _k_sem_list_start = .
 *(SORT_BY_NAME(SORT_BY_ALIGNMENT(._k_sem.static.*)))
                0x000000000040a380                _k_sem_list_end = .

k_event_area    0x000000000040a380        0x0
                0x000000000040a380                _k_event_list_start = .
 *(SORT_BY_NAME(SORT_BY_ALIGNMENT(._k_event.static.*)))
                0x000000000040a380                _k_event_list_end = .

k_queue_area    0x000000000040a380        0x0
                0x000000000040a380                _k_queue_list_start = .
 *(SORT_BY_NAME(SORT_BY_ALIGNMENT(._k_queue.static.*)))
                0x000000000040a380                _k_queue_list_end = .

k_fifo_area     0x000000000040a380        0x0
                0x000000000040a380                _k_fifo_list_start = .
 *(SORT_BY_NAME(SORT_BY_ALIGNMENT(._k_fifo.static.*)))
                0x000000000040a380                _k_fifo_list_end = .

k_lifo_area     0x000000000040a380        0x0
                0x000000000040a380                _k_lifo_list_start = .
 *(SORT_BY_NAME(SORT_BY_ALIGNMENT(._k_lifo.static.*)))
                0x000000000040a380                _k_lifo_list_end = .

k_condvar_area  0x000000000040a380        0x0
                0x000000000040a380                _k_condvar_list_start = .
 *(SORT_BY_NAME(SORT_BY_ALIGNMENT(._k_condvar.static.*)))
                0x000000000040a380                _k_condvar_list_end = .

sys_mem_blocks_ptr_area
                0x000000000040a380        0x0
                0x000000000040a380                _sys_mem_blocks_ptr_list_start = .
 *(SORT_BY_NAME(SORT_BY_ALIGNMENT(._sys_mem_blocks_ptr.static.*)))
                0x000000000040a380                _sys_mem_blocks_ptr_list_end = .

net_buf_pool_area
                0x000000000040a380        0x0
                0x000000000040a380                _net_buf_pool_list_start = .
 *(SORT_BY_NAME(SORT_BY_ALIGNMENT(._net_buf_pool.static.*)))
                0x000000000040a380                _net_buf_pool_list_end = .

native_pre_tasks
                0x000000000040a380       0x10
                0x000000000040a380                __native_tasks_start = .
                0x000000000040a380                __native_PRE_BOOT_1_tasks_start = .
 *(SORT_BY_NAME(SORT_BY_ALIGNMENT(.native_PRE_BOOT_1[0-9]_task)))
 .native_PRE_BOOT_11_task
                0x000000000040a380        0x8 zephyr/boards/posix/native_posix/libboards__posix__native_posix.a(timer_model.c.obj)
 *(SORT_BY_NAME(SORT_BY_ALIGNMENT(.native_PRE_BOOT_1[1-9][0-9]_task)))
 *(SORT_BY_NAME(SORT_BY_ALIGNMENT(.native_PRE_BOOT_1[1-9][0-9][0-9]_task)))
                0x000000000040a388                __native_PRE_BOOT_2_tasks_start = .
 *(SORT_BY_NAME(SORT_BY_ALIGNMENT(.native_PRE_BOOT_2[0-9]_task)))
 .native_PRE_BOOT_20_task
                0x000000000040a388        0x8 zephyr/boards/posix/native_posix/libboards__posix__native_posix.a(tracing.c.obj)
 *(SORT_BY_NAME(SORT_BY_ALIGNMENT(.native_PRE_BOOT_2[1-9][0-9]_task)))
 *(SORT_BY_NAME(SORT_BY_ALIGNMENT(.native_PRE_BOOT_2[1-9][0-9][0-9]_task)))
                0x000000000040a390                __native_PRE_BOOT_3_tasks_start = .
 *(SORT_BY_NAME(SORT_BY_ALIGNMENT(.native_PRE_BOOT_3[0-9]_task)))
 *(SORT_BY_NAME(SORT_BY_ALIGNMENT(.native_PRE_BOOT_3[1-9][0-9]_task)))
 *(SORT_BY_NAME(SORT_BY_ALIGNMENT(.native_PRE_BOOT_3[1-9][0-9][0-9]_task)))
                0x000000000040a390                __native_FIRST_SLEEP_tasks_start = .
 *(SORT_BY_NAME(SORT_BY_ALIGNMENT(.native_FIRST_SLEEP[0-9]_task)))
 *(SORT_BY_NAME(SORT_BY_ALIGNMENT(.native_FIRST_SLEEP[1-9][0-9]_task)))
 *(SORT_BY_NAME(SORT_BY_ALIGNMENT(.native_FIRST_SLEEP[1-9][0-9][0-9]_task)))
                0x000000000040a390                __native_ON_EXIT_tasks_start = .
 *(SORT_BY_NAME(SORT_BY_ALIGNMENT(.native_ON_EXIT[0-9]_task)))
 *(SORT_BY_NAME(SORT_BY_ALIGNMENT(.native_ON_EXIT[1-9][0-9]_task)))
 *(SORT_BY_NAME(SORT_BY_ALIGNMENT(.native_ON_EXIT[1-9][0-9][0-9]_task)))
                0x000000000040a390                __native_tasks_end = .

.native_sim_if
 *(SORT_BY_ALIGNMENT(.native_sim_if))
 *(SORT_BY_ALIGNMENT(.native_sim_if.*))
                0x000000000040a390                __data_region_end = .

noinit

.data1
 *(SORT_BY_ALIGNMENT(.data1))
                0x000000000040a390                _edata = .
                [!provide]                        PROVIDE (edata = .)
                0x000000000040a390                . = .
                0x000000000040a390                __bss_start = .

.bss            0x000000000040a3a0      0x778
 *(SORT_BY_ALIGNMENT(.dynbss))
 .dynbss        0x000000000040a3a0        0x0 /usr/lib/gcc/x86_64-linux-gnu/11/../../../x86_64-linux-gnu/Scrt1.o
 *(SORT_BY_ALIGNMENT(.bss) SORT_BY_ALIGNMENT(.bss.*) SORT_BY_ALIGNMENT(.gnu.linkonce.b.*))
 .bss.mtx_threads
                0x000000000040a3a0       0x28 zephyr/arch/arch/posix/core/libarch__posix__core.a(posix_core.c.obj)
 *fill*         0x000000000040a3c8       0x18 
 .bss.cond_threads
                0x000000000040a3e0       0x30 zephyr/arch/arch/posix/core/libarch__posix__core.a(posix_core.c.obj)
 *fill*         0x000000000040a410       0x10 
 .bss.args      0x000000000040a420       0x20 zephyr/boards/posix/native_posix/libboards__posix__native_posix.a(timer_model.c.obj)
 .bss.irq_vector_table
                0x000000000040a440      0x300 zephyr/boards/posix/native_posix/libboards__posix__native_posix.a(irq_handler.c.obj)
 .bss.irq_prio  0x000000000040a740       0x20 zephyr/boards/posix/native_posix/libboards__posix__native_posix.a(irq_ctrl.c.obj)
 .bss.stdout_buff
                0x000000000040a760      0x100 zephyr/drivers/console/libdrivers__console.a(posix_arch_console.c.obj)
 .bss.z_idle_threads
                0x000000000040a860       0x88 zephyr/kernel/libkernel.a(init.c.obj)
                0x000000000040a860                z_idle_threads
 *fill*         0x000000000040a8e8       0x18 
 .bss.z_main_thread
                0x000000000040a900       0x88 zephyr/kernel/libkernel.a(init.c.obj)
                0x000000000040a900                z_main_thread
 *fill*         0x000000000040a988       0x18 
 .bss._kernel   0x000000000040a9a0       0x40 zephyr/kernel/libkernel.a(init.c.obj)
                0x000000000040a9a0                _kernel
 .bss.slice_timeouts
                0x000000000040a9e0       0x20 zephyr/kernel/libkernel.a(sched.c.obj)
 .bss.threads_table
                0x000000000040aa00        0x8 zephyr/arch/arch/posix/core/libarch__posix__core.a(posix_core.c.obj)
 .bss.nce_st    0x000000000040aa08        0x8 zephyr/soc/soc/posix/inf_clock/libsoc__posix__inf_clock.a(soc.c.obj)
 .bss.next_timer_time
                0x000000000040aa10        0x8 zephyr/boards/posix/native_posix/libboards__posix__native_posix.a(hw_models_top.c.obj)
 .bss.simu_time
                0x000000000040aa18        0x8 zephyr/boards/posix/native_posix/libboards__posix__native_posix.a(hw_models_top.c.obj)
 .bss.last_radj_stime
                0x000000000040aa20        0x8 zephyr/boards/posix/native_posix/libboards__posix__native_posix.a(timer_model.c.obj)
 .bss.last_radj_rtime
                0x000000000040aa28        0x8 zephyr/boards/posix/native_posix/libboards__posix__native_posix.a(timer_model.c.obj)
 .bss.rtc_offset
                0x000000000040aa30        0x8 zephyr/boards/posix/native_posix/libboards__posix__native_posix.a(timer_model.c.obj)
 .bss.silent_ticks
                0x000000000040aa38        0x8 zephyr/boards/posix/native_posix/libboards__posix__native_posix.a(timer_model.c.obj)
 .bss.tick_p    0x000000000040aa40        0x8 zephyr/boards/posix/native_posix/libboards__posix__native_posix.a(timer_model.c.obj)
 .bss.hw_timer_awake_timer
                0x000000000040aa48        0x8 zephyr/boards/posix/native_posix/libboards__posix__native_posix.a(timer_model.c.obj)
                0x000000000040aa48                hw_timer_awake_timer
 .bss.hw_timer_tick_timer
                0x000000000040aa50        0x8 zephyr/boards/posix/native_posix/libboards__posix__native_posix.a(timer_model.c.obj)
                0x000000000040aa50                hw_timer_tick_timer
 .bss.hw_timer_timer
                0x000000000040aa58        0x8 zephyr/boards/posix/native_posix/libboards__posix__native_posix.a(timer_model.c.obj)
                0x000000000040aa58                hw_timer_timer
 .bss.irq_mask  0x000000000040aa60        0x8 zephyr/boards/posix/native_posix/libboards__posix__native_posix.a(irq_ctrl.c.obj)
 .bss.irq_premask
                0x000000000040aa68        0x8 zephyr/boards/posix/native_posix/libboards__posix__native_posix.a(irq_ctrl.c.obj)
 .bss.irq_status
                0x000000000040aa70        0x8 zephyr/boards/posix/native_posix/libboards__posix__native_posix.a(irq_ctrl.c.obj)
 .bss.args_struct
                0x000000000040aa78        0x8 zephyr/boards/posix/native_posix/libboards__posix__native_posix.a(cmdline.c.obj)
 .bss.test_argv
                0x000000000040aa80        0x8 zephyr/boards/posix/native_posix/libboards__posix__native_posix.a(cmdline.c.obj)
 .bss.s_argv    0x000000000040aa88        0x8 zephyr/boards/posix/native_posix/libboards__posix__native_posix.a(cmdline.c.obj)
 .bss.counter_wrap
                0x000000000040aa90        0x8 zephyr/boards/posix/native_posix/libboards__posix__native_posix.a(hw_counter.c.obj)
 .bss.counter_period
                0x000000000040aa98        0x8 zephyr/boards/posix/native_posix/libboards__posix__native_posix.a(hw_counter.c.obj)
 .bss.counter_target
                0x000000000040aaa0        0x8 zephyr/boards/posix/native_posix/libboards__posix__native_posix.a(hw_counter.c.obj)
 .bss.counter_value
                0x000000000040aaa8        0x8 zephyr/boards/posix/native_posix/libboards__posix__native_posix.a(hw_counter.c.obj)
 .bss.hw_counter_timer
                0x000000000040aab0        0x8 zephyr/boards/posix/native_posix/libboards__posix__native_posix.a(hw_counter.c.obj)
                0x000000000040aab0                hw_counter_timer
 .bss.last_tick_time
                0x000000000040aab8        0x8 zephyr/drivers/timer/libdrivers__timer.a(native_posix_timer.c.obj)
 .bss.tick_period
                0x000000000040aac0        0x8 zephyr/drivers/timer/libdrivers__timer.a(native_posix_timer.c.obj)
 .bss._cpus_active
                0x000000000040aac8        0x8 zephyr/kernel/libkernel.a(init.c.obj)
                0x000000000040aac8                _cpus_active
 .bss.curr_tick
                0x000000000040aad0        0x8 zephyr/kernel/libkernel.a(timeout.c.obj)
 .bss.currently_allowed_thread
                0x000000000040aad8        0x4 zephyr/arch/arch/posix/core/libarch__posix__core.a(posix_core.c.obj)
 .bss.thread_create_count
                0x000000000040aadc        0x4 zephyr/arch/arch/posix/core/libarch__posix__core.a(posix_core.c.obj)
 .bss.threads_table_size
                0x000000000040aae0        0x4 zephyr/arch/arch/posix/core/libarch__posix__core.a(posix_core.c.obj)
 .bss.signaled_end
                0x000000000040aae4        0x4 zephyr/boards/posix/native_posix/libboards__posix__native_posix.a(hw_models_top.c.obj)
 .bss.may_swap.1
                0x000000000040aae8        0x4 zephyr/boards/posix/native_posix/libboards__posix__native_posix.a(irq_handler.c.obj)
 .bss.max_exit_code.0
                0x000000000040aaec        0x4 zephyr/boards/posix/native_posix/libboards__posix__native_posix.a(main.c.obj)
 .bss.args_aval
                0x000000000040aaf0        0x4 zephyr/boards/posix/native_posix/libboards__posix__native_posix.a(cmdline.c.obj)
 .bss.used_args
                0x000000000040aaf4        0x4 zephyr/boards/posix/native_posix/libboards__posix__native_posix.a(cmdline.c.obj)
 .bss.test_argc
                0x000000000040aaf8        0x4 zephyr/boards/posix/native_posix/libboards__posix__native_posix.a(cmdline.c.obj)
 .bss.s_argc    0x000000000040aafc        0x4 zephyr/boards/posix/native_posix/libboards__posix__native_posix.a(cmdline.c.obj)
 .bss.n_pend    0x000000000040ab00        0x4 zephyr/drivers/console/libdrivers__console.a(posix_arch_console.c.obj)
 .bss.slice_max_prio
                0x000000000040ab04        0x4 zephyr/kernel/libkernel.a(sched.c.obj)
 .bss.slice_ticks
                0x000000000040ab08        0x4 zephyr/kernel/libkernel.a(sched.c.obj)
 .bss.announce_remaining
                0x000000000040ab0c        0x4 zephyr/kernel/libkernel.a(timeout.c.obj)
 .bss           0x000000000040ab10        0x1 /usr/lib/gcc/x86_64-linux-gnu/11/crtbeginS.o
 .bss.terminate
                0x000000000040ab11        0x1 zephyr/arch/arch/posix/core/libarch__posix__core.a(posix_core.c.obj)
 .bss.reset_rtc
                0x000000000040ab12        0x1 zephyr/boards/posix/native_posix/libboards__posix__native_posix.a(timer_model.c.obj)
 .bss.lock_ignore
                0x000000000040ab13        0x1 zephyr/boards/posix/native_posix/libboards__posix__native_posix.a(irq_ctrl.c.obj)
 .bss.irqs_locked
                0x000000000040ab14        0x1 zephyr/boards/posix/native_posix/libboards__posix__native_posix.a(irq_ctrl.c.obj)
 .bss.counter_running
                0x000000000040ab15        0x1 zephyr/boards/posix/native_posix/libboards__posix__native_posix.a(hw_counter.c.obj)
 .bss.z_sys_post_kernel
                0x000000000040ab16        0x1 zephyr/kernel/libkernel.a(init.c.obj)
                0x000000000040ab16                z_sys_post_kernel
 .bss.slice_expired
                0x000000000040ab17        0x1 zephyr/kernel/libkernel.a(sched.c.obj)
 .bss.sched_spinlock
                0x000000000040ab18        0x0 zephyr/kernel/libkernel.a(sched.c.obj)
                0x000000000040ab18                sched_spinlock
 *(SORT_BY_ALIGNMENT(COMMON))
                0x000000000040ab18                . = ALIGN ((. != 0x0)?0x8:0x1)

.noinit."WEST_TOPDIR/zephyr/kernel/init.c".2
                0x000000000040ab18      0x800
 .noinit."WEST_TOPDIR/zephyr/kernel/init.c".2
                0x000000000040ab18      0x800 zephyr/kernel/libkernel.a(init.c.obj)
                0x000000000040ab18                z_interrupt_stacks

.noinit."WEST_TOPDIR/zephyr/kernel/init.c".1
                0x000000000040b318      0x100
 .noinit."WEST_TOPDIR/zephyr/kernel/init.c".1
                0x000000000040b318      0x100 zephyr/kernel/libkernel.a(init.c.obj)

.noinit."WEST_TOPDIR/zephyr/kernel/init.c".0
                0x000000000040b418      0x400
 .noinit."WEST_TOPDIR/zephyr/kernel/init.c".0
                0x000000000040b418      0x400 zephyr/kernel/libkernel.a(init.c.obj)
                0x000000000040b418                z_main_stack

.lbss
 *(SORT_BY_ALIGNMENT(.dynlbss))
 *(SORT_BY_ALIGNMENT(.lbss) SORT_BY_ALIGNMENT(.lbss.*) SORT_BY_ALIGNMENT(.gnu.linkonce.lb.*))
 *(SORT_BY_ALIGNMENT(LARGE_COMMON))
                0x000000000040b818                . = ALIGN (0x8)
                0x000000000040b818                . = SEGMENT_START ("ldata-segment", .)

.lrodata
 *(SORT_BY_ALIGNMENT(.lrodata) SORT_BY_ALIGNMENT(.lrodata.*) SORT_BY_ALIGNMENT(.gnu.linkonce.lr.*))

.ldata          0x000000000040d818        0x0
 *(SORT_BY_ALIGNMENT(.ldata) SORT_BY_ALIGNMENT(.ldata.*) SORT_BY_ALIGNMENT(.gnu.linkonce.l.*))
                0x000000000040d818                . = ALIGN ((. != 0x0)?0x8:0x1)
                0x000000000040d818                . = ALIGN (0x8)
                0x000000000040b818                _end = .
                [!provide]                        PROVIDE (end = .)
                0x000000000040d818                . = DATA_SEGMENT_END (.)

.stab
 *(SORT_BY_ALIGNMENT(.stab))

.stabstr
 *(SORT_BY_ALIGNMENT(.stabstr))

.stab.excl
 *(SORT_BY_ALIGNMENT(.stab.excl))

.stab.exclstr
 *(SORT_BY_ALIGNMENT(.stab.exclstr))

.stab.index
 *(SORT_BY_ALIGNMENT(.stab.index))

.stab.indexstr
 *(SORT_BY_ALIGNMENT(.stab.indexstr))

.comment        0x0000000000000000       0x2b
 *(SORT_BY_ALIGNMENT(.comment))
 .comment       0x0000000000000000       0x2b /usr/lib/gcc/x86_64-linux-gnu/11/crtbeginS.o
                                         0x2c (size before relaxing)
 .comment       0x000000000000002b       0x2c zephyr/CMakeFiles/offsets.dir/./arch/posix/core/offsets/offsets.c.obj
 .comment       0x000000000000002b       0x2c app/libapp.a(main.c.obj)
 .comment       0x000000000000002b       0x2c zephyr/libzephyr.a(printk.c.obj)
 .comment       0x000000000000002b       0x2c zephyr/libzephyr.a(thread_entry.c.obj)
 .comment       0x000000000000002b       0x2c zephyr/libzephyr.a(cbprintf_complete.c.obj)
 .comment       0x000000000000002b       0x2c zephyr/libzephyr.a(assert.c.obj)
 .comment       0x000000000000002b       0x2c zephyr/libzephyr.a(configs.c.obj)
 .comment       0x000000000000002b       0x2c zephyr/libzephyr.a(tracing_none.c.obj)
 .comment       0x000000000000002b       0x2c zephyr/arch/arch/posix/core/libarch__posix__core.a(cpuhalt.c.obj)
 .comment       0x000000000000002b       0x2c zephyr/arch/arch/posix/core/libarch__posix__core.a(fatal.c.obj)
 .comment       0x000000000000002b       0x2c zephyr/arch/arch/posix/core/libarch__posix__core.a(irq.c.obj)
 .comment       0x000000000000002b       0x2c zephyr/arch/arch/posix/core/libarch__posix__core.a(swap.c.obj)
 .comment       0x000000000000002b       0x2c zephyr/arch/arch/posix/core/libarch__posix__core.a(thread.c.obj)
 .comment       0x000000000000002b       0x2c zephyr/arch/arch/posix/core/libarch__posix__core.a(posix_core.c.obj)
 .comment       0x000000000000002b       0x2c zephyr/arch/arch/posix/core/libarch__posix__core.a(nsi_compat.c.obj)
 .comment       0x000000000000002b       0x2c zephyr/arch/arch/posix/core/libarch__posix__core.a(nce.c.obj)
 .comment       0x000000000000002b       0x2c zephyr/soc/soc/posix/inf_clock/libsoc__posix__inf_clock.a(soc.c.obj)
 .comment       0x000000000000002b       0x2c zephyr/soc/soc/posix/inf_clock/libsoc__posix__inf_clock.a(native_tasks.c.obj)
 .comment       0x000000000000002b       0x2c zephyr/boards/posix/native_posix/libboards__posix__native_posix.a(hw_models_top.c.obj)
 .comment       0x000000000000002b       0x2c zephyr/boards/posix/native_posix/libboards__posix__native_posix.a(timer_model.c.obj)
 .comment       0x000000000000002b       0x2c zephyr/boards/posix/native_posix/libboards__posix__native_posix.a(irq_handler.c.obj)
 .comment       0x000000000000002b       0x2c zephyr/boards/posix/native_posix/libboards__posix__native_posix.a(irq_ctrl.c.obj)
 .comment       0x000000000000002b       0x2c zephyr/boards/posix/native_posix/libboards__posix__native_posix.a(main.c.obj)
 .comment       0x000000000000002b       0x2c zephyr/boards/posix/native_posix/libboards__posix__native_posix.a(tracing.c.obj)
 .comment       0x000000000000002b       0x2c zephyr/boards/posix/native_posix/libboards__posix__native_posix.a(cmdline_common.c.obj)
 .comment       0x000000000000002b       0x2c zephyr/boards/posix/native_posix/libboards__posix__native_posix.a(cmdline.c.obj)
 .comment       0x000000000000002b       0x2c zephyr/boards/posix/native_posix/libboards__posix__native_posix.a(hw_counter.c.obj)
 .comment       0x000000000000002b       0x2c zephyr/drivers/console/libdrivers__console.a(posix_arch_console.c.obj)
 .comment       0x000000000000002b       0x2c zephyr/drivers/timer/libdrivers__timer.a(native_posix_timer.c.obj)
 .comment       0x000000000000002b       0x2c zephyr/kernel/libkernel.a(fatal.c.obj)
 .comment       0x000000000000002b       0x2c zephyr/kernel/libkernel.a(init.c.obj)
 .comment       0x000000000000002b       0x2c zephyr/kernel/libkernel.a(thread.c.obj)
 .comment       0x000000000000002b       0x2c zephyr/kernel/libkernel.a(sched.c.obj)
 .comment       0x000000000000002b       0x2c zephyr/kernel/libkernel.a(idle.c.obj)
 .comment       0x000000000000002b       0x2c zephyr/kernel/libkernel.a(timeout.c.obj)
 .comment       0x000000000000002b       0x2c zephyr/kernel/libkernel.a(banner.c.obj)
 .comment       0x000000000000002b       0x2c zephyr/kernel/libkernel.a(device.c.obj)
 .comment       0x000000000000002b       0x2c /usr/lib/gcc/x86_64-linux-gnu/11/crtendS.o

.gnu.build.attributes
 *(SORT_BY_ALIGNMENT(.gnu.build.attributes) SORT_BY_ALIGNMENT(.gnu.build.attributes.*))

.debug
 *(SORT_BY_ALIGNMENT(.debug))

.line
 *(SORT_BY_ALIGNMENT(.line))

.debug_srcinfo
 *(SORT_BY_ALIGNMENT(.debug_srcinfo))

.debug_sfnames
 *(SORT_BY_ALIGNMENT(.debug_sfnames))

.debug_aranges  0x0000000000000000     0x17c0
 *(SORT_BY_ALIGNMENT(.debug_aranges))
 .debug_aranges
                0x0000000000000000       0x30 zephyr/CMakeFiles/offsets.dir/./arch/posix/core/offsets/offsets.c.obj
 .debug_aranges
                0x0000000000000030       0x30 app/libapp.a(main.c.obj)
 .debug_aranges
                0x0000000000000060       0xc0 zephyr/libzephyr.a(printk.c.obj)